Python 3.9.7 (tags/v3.9.7:1016ef3, Aug 30 2021, 20:19:38) [MSC v.1929 64 bit (AMD64)] on win32
Type "help", "copyright", "credits" or "license" for more information.
>>> import path
Traceback (most recent call last):
  File "<stdin>", line 1, in <module>
ModuleNotFoundError: No module named 'path'
>>> import Path
Traceback (most recent call last):
  File "<stdin>", line 1, in <module>
ModuleNotFoundError: No module named 'Path'
>>> import pathlib
>>> from pathlib import Path
>>> Path("spam", "bacon", "eggs")
WindowsPath('spam/bacon/eggs')
>>> str(Path("spam", "bacon", "eggs"))
'spam\\bacon\\eggs'
>>> myFiles = ["accounts.txt", "details.csv", "invite.docx"]
>>> for filename in myFiles:
...     print(Path(r"C:\Users\RC Pery\Documents", filename))
...
C:\Users\RC Pery\Documents\accounts.txt
C:\Users\RC Pery\Documents\details.csv
C:\Users\RC Pery\Documents\invite.docx
>>> Path("spam") / "bacon" / "eggs"
WindowsPath('spam/bacon/eggs')
>>> Path("spam") / Path("bacon/eggs")
WindowsPath('spam/bacon/eggs')
>>> Path()
WindowsPath('.')
>>> Path("spam") / Path("bacon", "eggs")
WindowsPath('spam/bacon/eggs')
>>> homeFolder = r"C:\Users\RC Pery\Documents"
>>> subFolder = "spam"
>>> homeFolder + "\\" + subFolder
'C:\\Users\\RC Pery\\Documents\\spam'
>>> "\\".join([homeFolder, subFolder])
'C:\\Users\\RC Pery\\Documents\\spam'
>>> homeFolder = Path("C:/Users/RC Pery/Documents")
>>> subFolder = Path("spam")
>>> homeFolder / subFolder
WindowsPath('C:/Users/RC Pery/Documents/spam')
>>> str(homeFolder / subFolder)
'C:\\Users\\RC Pery\\Documents\\spam'
>>> "spam" / "bacon" / "eggs"
Traceback (most recent call last):
  File "<stdin>", line 1, in <module>
TypeError: unsupported operand type(s) for /: 'str' and 'str'
>>> from pathlib import Path
>>> import os
>>> Path.cwd()
WindowsPath('E:/Tutorials/automate')
>>> os.chdir("C:\\Windows\\System32")
>>> Path.cwd()
WindowsPath('C:/Windows/System32')
>>> os.chdir("C:\ThisFolderDoesNotExist")
Traceback (most recent call last):
  File "<stdin>", line 1, in <module>
FileNotFoundError: [WinError 2] The system cannot find the file specified: 'C:\\ThisFolderDoesNotExist'
>>> Path.home()
WindowsPath('C:/Users/RC Pery')
>>> import os
>>> os.makedirs("E:\\delicious\\walnut\\waffles")
>>> from pathlib import Path
>>> Path(r"C:\\Users\\RC Pery\\Documents\\spam").mkdir()
>>> Path.cwd()
WindowsPath('C:/Windows/System32')
>>> os.chdir("C:\\Python39")
>>> os.chdir("E:\\Tutorials\\automate")
>>> Path cwd
  File "<stdin>", line 1
    Path cwd
         ^
SyntaxError: invalid syntax
>>> Path.cwd()
WindowsPath('E:/Tutorials/automate')
>>> Path.cwd().is_absolute
<bound method PurePath.is_absolute of WindowsPath('E:/Tutorials/automate')>
>>> Path.cwd().is_absolute()
True
>>> Path("spam/bacon/eggs").is_absolute()
False
>>> Path("my/relative/path")
WindowsPath('my/relative/path')
>>> Path.cwd() / Path("my/relative/path")
WindowsPath('E:/Tutorials/automate/my/relative/path')
>>> Path.home()
WindowsPath('C:/Users/RC Pery')
>>> Path("my/relative/path")
WindowsPath('my/relative/path')
>>> Path.home() / Path("my/relative/path")
WindowsPath('C:/Users/RC Pery/my/relative/path')
>>> os.path.abspath(".")
'E:\\Tutorials\\automate'
>>> os.path.abspath()
Traceback (most recent call last):
  File "<stdin>", line 1, in <module>
TypeError: abspath() missing 1 required positional argument: 'path'
>>>
>>> os.path.abspath(".\\Scripts")
'E:\\Tutorials\\automate\\Scripts'
>>> os.path.isabs(".")
False
>>> os.path.isabs(os.path.abspath("."))
True
>>> os.path.relpath("C:\\Windows", "C:\\")
'Windows'
>>> os.path.relpath("C:\\Windwos", "C:\\spam\\eggs")
'..\\..\\Windwos'
>>> p = Path("C:/Users/RC Pery/spam.txt")
>>> p.anchor
'C:\\'
>>> p.parent
WindowsPath('C:/Users/RC Pery')
>>> p.name
'spam.txt'
>>> p.stem
'spam'
>>> p.suffix
'.txt'
>>> p.drive
'C:'
>>> Path.cwd()
WindowsPath('E:/Tutorials/automate')
>>> Path.cwd().parents
<WindowsPath.parents>
>>> Path.cwd().parents[0]
WindowsPath('E:/Tutorials')
>>> Path.cwd().parents[1]
WindowsPath('E:/')
>>> Path.cwd().parents[2]
Traceback (most recent call last):
  File "<stdin>", line 1, in <module>
  File "C:\Python39\lib\pathlib.py", line 645, in __getitem__
    raise IndexError(idx)
IndexError: 2
>>> calcFile = "C:\\Windows\\System32\\calc.exe"
>>> calcFilePath = "C:\\Windows\\System32\\calc.exe"
>>> os.path.baseName(calcFilePath)
Traceback (most recent call last):
  File "<stdin>", line 1, in <module>
AttributeError: module 'ntpath' has no attribute 'baseName'
>>> os.path.basename(calcFilePath)
'calc.exe'
>>> os.path.dirname(calcFilePath)
'C:\\Windows\\System32'
>>> os.path.split(calcFilePath)
('C:\\Windows\\System32', 'calc.exe')
>>> (os.path.dirname(calcFilePath), os.path.basename(calcFilePath))
('C:\\Windows\\System32', 'calc.exe')
>>> calcFilePath.split(os.sep)
['C:', 'Windows', 'System32', 'calc.exe']
>>> "/usr/bin".split(os.sep)
['/usr/bin']
>>> "/usr/bin".split(os. sep)
['/usr/bin']
>>> os.path.getsize("C:\\Windows\\System32\\calc.exe")
27648
>>> os.listdir("C:\\Windows\\System32")
['0409', '69fe178f-26e7-43a9-aa7d-2b616b672dde_eventlogservice.dll', '6bea57fb-8dfb-4177-9ae8-42e8b3529933_RuntimeDeviceInstall.dll', '@AdvancedKeySettingsNotification.png', '@AppHelpToast.png', '@AudioToastIcon.png', '@BackgroundAccessToastIcon.png', '@bitlockertoastimage.png', '@edptoastimage.png', '@EnrollmentToastIcon.png', '@language_notification_icon.png', '@optionalfeatures.png', '@StorageSenseToastIcon.png', '@VpnToastIcon.png', '@windows-hello-V4.1.gif', '@WindowsHelloFaceToastIcon.png', '@WindowsUpdateToastIcon.contrast-black.png', '@WindowsUpdateToastIcon.contrast-white.png', '@WindowsUpdateToastIcon.png', '@WirelessDisplayToast.png', '@WLOGO_48x48.png', '@WwanNotificationIcon.png', '@WwanSimLockIcon.png', 'aadauthhelper.dll', 'aadcloudap.dll', 'aadjcsp.dll', 'aadtb.dll', 'aadWamExtension.dll', 'AarSvc.dll', 'AboutSettingsHandlers.dll', 'AboveLockAppHost.dll', 'accessibilitycpl.dll', 'accountaccessor.dll', 'AccountsRt.dll', 'AcGenral.dll', 'AcLayers.dll', 'acledit.dll', 'aclui.dll', 'acmigration.dll', 'ACPBackgroundManagerPolicy.dll', 'acppage.dll', 'acproxy.dll', 'AcSpecfc.dll', 'ActionCenter.dll', 'ActionCenterCPL.dll', 'ActionMgr.dll', 'ActionQueue.dll', 'ActivationClient.dll', 'ActivationManager.dll', 'activeds.dll', 'activeds.tlb', 'ActiveHours.png', 'ActiveSyncCsp.dll', 'ActiveSyncProvider.dll', 'actxprxy.dll', 'AcWinRT.dll', 'AcXtrnal.dll', 'AdaptiveCards.dll', 'AddressParser.dll', 'adhapi.dll', 'adhsvc.dll', 'AdmTmpl.dll', 'adprovider.dll', 'adrclient.dll', 'adsldp.dll', 'adsldpc.dll', 'adsmsext.dll', 'adsnt.dll', 'adtschema.dll', 'AdvancedEmojiDS.dll', 'AdvancedInstallers', 'advapi32.dll', 'advapi32res.dll', 'advpack.dll', 'aeevts.dll', 'aeinv.dll', 'aepic.dll', 'agentactivationruntime.dll', 'agentactivationruntimestarter.exe', 'agentactivationruntimewindows.dll', 'AgentService.exe', 'aitstatic.exe', 'AJRouter.dll', 'alg.exe', 'altspace.dll', 'am-et', 'amcompat.tlb', 'AMD', 'amdave64.dll', 'amdgfxinfo64.dll', 'amdhip64.dll', 'amdihk64.dll', 'AMDKernelEvents.man', 'amdlogum.exe', 'amdlvr64.dll', 'amdmcl64.dll', 'amdmiracast.dll', 'amdpcom64.dll', 'amdtee_api.dll', 'amdxc64.dll', 'amd_comgr.dll', 'amf-mft-mjpeg-decoder64.dll', 'amfrt64.dll', 'amsi.dll', 'amsiproxy.dll', 'amstream.dll', 'Analog.Shell.Broker.dll', 'AnalogCommonProxyStub.dll', 'apds.dll', 'APHostClient.dll', 'APHostRes.dll', 'APHostService.dll', 'apisampling.dll', 'ApiSetHost.AppExecutionAlias.dll', 'apisetschema.dll', 'APMon.dll', 'AppContracts.dll', 'AppExtension.dll', 'apphelp.dll', 'Apphlpdm.dll', 'AppHostRegistrationVerifier.exe', 'appidapi.dll', 'appidcertstorecheck.exe', 'appidpolicyconverter.exe', 'AppIdPolicyEngineApi.dll', 'appidsvc.dll', 'appidtel.exe', 'appinfo.dll', 'appinfoext.dll', 'AppInstallerPrompt.Desktop.dll', 'ApplicationControlCSP.dll', 'ApplicationFrame.dll', 'ApplicationFrameHost.exe', 'AppLocker', 'AppLockerCSP.dll', 'ApplySettingsTemplateCatalog.exe', 'ApplyTrustOffline.exe', 'AppManagementConfiguration.dll', 'appmgmts.dll', 'appmgr.dll', 'AppMon.dll', 'AppointmentActivation.dll', 'AppointmentApis.dll', 'appraiser', 'appraiser.dll', 'AppReadiness.dll', 'apprepapi.dll', 'AppResolver.dll', 'ApproveChildRequest.exe', 'appsruprov.dll', 'AppV', 'AppVCatalog.dll', 'AppVClient.exe', 'AppvClientEventLog.dll', 'AppVClientPS.dll', 'AppVDllSurrogate.exe', 'AppVEntStreamingManager.dll', 'AppVEntSubsystemController.dll', 'AppVEntSubsystems64.dll', 'AppVEntVirtualization.dll', 'appverif.chm', 'appverif.exe', 'appverifUI.dll', 'appvetwclientres.dll', 'appvetwsharedperformance.dll', 'appvetwstreamingux.dll', 'AppVFileSystemMetadata.dll', 'AppVIntegration.dll', 'AppVManifest.dll', 'AppVNice.exe', 'AppVOrchestration.dll', 'AppVPolicy.dll', 'AppVPublishing.dll', 'AppVReporting.dll', 'AppVScripting.dll', 'AppVSentinel.dll', 'AppVShNotify.exe', 'AppVStreamingUX.dll', 'AppVStreamMap.dll', 'AppVTerminator.dll', 'appwiz.cpl', 'AppxAllUserStore.dll', 'AppXApplicabilityBlob.dll', 'AppxApplicabilityEngine.dll', 'AppXDeploymentClient.dll', 'AppXDeploymentExtensions.desktop.dll', 'AppXDeploymentExtensions.onecore.dll', 'AppXDeploymentServer.dll', 'AppxPackaging.dll', 'AppxProvisioning.xml', 'AppxSip.dll', 'AppxStreamingDataSourcePS.dll', 'AppxSysprep.dll', 'ar-SA', 'archiveint.dll', 'ARP.EXE', 'asferror.dll', 'aspnet_counters.dll', 'AssignedAccessCsp.dll', 'AssignedAccessGuard.exe', 'AssignedAccessManager.dll', 'assignedaccessmanagersvc.dll', 'assignedaccessproviderevents.dll', 'AssignedAccessRuntime.dll', 'AssignedAccessShellProxy.dll', 'asycfilt.dll', 'at.exe', 'AtBroker.exe', 'ati2erec.dll', 'atiadlxx.dll', 'atiapfxx.blb', 'aticfx64.dll', 'atidemgy.dll', 'atidxx64.dll', 'atieah64.exe', 'atieclxx.exe', 'atig6txx.dll', 'atimpc64.dll', 'atimuixx.dll', 'atisamu64.dll', 'atiumd6a.cap', 'ativvsva.dat', 'ativvsvl.dat', 'atl.dll', 'atl100.dll', 'atlthunk.dll', 'atmlib.dll', 'attrib.exe', 'audiodg.exe', 'AudioEndpointBuilder.dll', 'AudioEng.dll', 'AudioHandlers.dll', 'AUDIOKSE.dll', 'audioresourceregistrar.dll', 'AudioSes.dll', 'audiosrv.dll', 'AudioSrvPolicyManager.dll', 'auditcse.dll', 'AuditNativeSnapIn.dll', 'auditpol.exe', 'auditpolcore.dll', 'AuditPolicyGPInterop.dll', 'auditpolmsg.dll', 'AuthBroker.dll', 'AuthBrokerUI.dll', 'authentication.dll', 'AuthExt.dll', 'authfwcfg.dll', 'AuthFWGP.dll', 'AuthFWSnapin.dll', 'AuthFWWizFwk.dll', 'AuthHost.exe', 'AuthHostProxy.dll', 'authui.dll', 'authz.dll', 'autochk.exe', 'autoconv.exe', 'autofmt.exe', 'autopilot.dll', 'autopilotdiag.dll', 'autoplay.dll', 'autotimesvc.dll', 'AverageRoom.bin', 'avicap32.dll', 'avifil32.dll', 'avrt.dll', 'AxInstSv.dll', 'AxInstUI.exe', 'azman.msc', 'azroles.dll', 'azroleui.dll', 'AzSqlExt.dll', 'AzureSettingSyncProvider.dll', 'baaupdate.exe', 'BackgroundMediaPolicy.dll', 'backgroundTaskHost.exe', 'BackgroundTransferHost.exe', 'BamSettingsClient.dll', 'BarcodeProvisioningPlugin.dll', 'basecsp.dll', 'basesrv.dll', 'batmeter.dll', 'bcastdvr.proxy.dll', 'BcastDVRBroker.dll', 'BcastDVRClient.dll', 'BcastDVRCommon.dll', 'bcastdvruserservice.dll', 'bcd.dll', 'bcdboot.exe', 'bcdedit.exe', 'bcdprov.dll', 'bcdsrv.dll', 'BCP47Langs.dll', 'BCP47mrm.dll', 'bcrypt.dll', 'bcryptprimitives.dll', 'bdaplgin.ax', 'bdechangepin.exe', 'BdeHdCfg.exe', 'BdeHdCfgLib.dll', 'bderepair.dll', 'bdesvc.dll', 'BdeSysprep.dll', 'bdeui.dll', 'BdeUISrv.exe', 'bdeunlock.exe', 'BFE.DLL', 'bg-BG', 'bi.dll', 'bidispl.dll', 'bindflt.dll', 'bindfltapi.dll', 'BingASDS.dll', 'BingFilterDS.dll', 'BingMaps.dll', 'BingOnlineServices.dll', 'BioCredProv.dll', 'BioIso.exe', 'bisrv.dll', 'BitLockerCsp.dll', 'BitLockerDeviceEncryption.exe', 'BitLockerWizard.exe', 'BitLockerWizardElev.exe', 'bitsadmin.exe', 'bitsigd.dll', 'bitsperf.dll', 'BitsProxy.dll', 'biwinrt.dll', 'BlbEvents.dll', 'blbres.dll', 'blb_ps.dll', 'BluetoothApis.dll', 'BluetoothDesktopHandlers.dll', 'BluetoothPairingSystemToastIcon.contrast-black.png', 'BluetoothPairingSystemToastIcon.contrast-high.png', 'BluetoothPairingSystemToastIcon.contrast-white.png', 'BluetoothPairingSystemToastIcon.png', 'BluetoothSystemToastIcon.contrast-white.png', 'BluetoothSystemToastIcon.png', 'bnmanager.dll', 'Boot', 'boot.sdi', 'bootcfg.exe', 'bootim.exe', 'BootMenuUX.dll', 'bootsect.exe', 'bootstr.dll', 'bootux.dll', 'BOOTVID.DLL', 'bopomofo.uce', 'bridgeres.dll', 'bridgeunattend.exe', 'BrokerLib.dll', 'browcli.dll', 'browserbroker.dll', 'browserexport.exe', 'BrowserSettingSync.dll', 'browser_broker.exe', 'browseui.dll', 'BTAGService.dll', 'BthAvctpSvc.dll', 'BthAvrcp.dll', 'BthAvrcpAppSvc.dll', 'bthci.dll', 'BthMtpContextHandler.dll', 'bthpanapi.dll', 'BthpanContextHandler.dll', 'Bthprops', 'bthprops.cpl', 'BthRadioMedia.dll', 'bthserv.dll', 'BthTelemetry.dll', 'bthudtask.exe', 'btpanui.dll', 'Bubbles.scr', 'BWContextHandler.dll', 'ByteCodeGenerator.exe', 'cabapi.dll', 'cabinet.dll', 'cabview.dll', 'cacls.exe', 'calc.exe', 'CallButtons.dll', 'CallButtons.ProxyStub.dll', 'CallHistoryClient.dll', 'CameraCaptureUI.dll', 'CameraSettingsUIHost.exe', 'canonurl.dll', 'CapabilityAccessHandlers.dll', 'CapabilityAccessManager.dll', 'CapabilityAccessManagerClient.dll', 'capauthz.dll', 'capiprovider.dll', 'capisp.dll', 'CaptureService.dll', 'CastingShellExt.dll', 'CastLaunch.dll', 'CastSrv.exe', 'CatRoot', 'catroot2', 'catsrv.dll', 'catsrvps.dll', 'catsrvut.dll', 'CBDHSvc.dll', 'cca.dll', 'cdd.dll', 'cdosys.dll', 'cdp.dll', 'cdprt.dll', 'cdpsvc.dll', 'cdpusersvc.dll', 'CellularAPI.dll', 'cellulardatacapabilityhandler.dll', 'cemapi.dll', 'cero.rs', 'certca.dll', 'certcli.dll', 'certCredProvider.dll', 'certenc.dll', 'CertEnroll.dll', 'CertEnrollCtrl.exe', 'CertEnrollUI.dll', 'certlm.msc', 'certmgr.dll', 'certmgr.msc', 'CertPKICmdlet.dll', 'CertPolEng.dll', 'certprop.dll', 'certreq.exe', 'certutil.exe', 'cewmdm.dll', 'cfgbkend.dll', 'cfgmgr32.dll', 'CfgSPCellular.dll', 'CfgSPPolicy.dll', 'cflapi.dll', 'cfmifs.dll', 'cfmifsproxy.dll', 'Chakra.dll', 'Chakradiag.dll', 'Chakrathunk.dll', 'change.exe', 'changepk.exe', 'charmap.exe', 'chartv.dll', 'ChatApis.dll', 'chcp.com', 'CheckNetIsolation.exe', 'chglogon.exe', 'chgport.exe', 'chgusr.exe', 'chkdsk.exe', 'chkntfs.exe', 'chkwudrv.dll', 'choice.exe', 'ChsStrokeDS.dll', 'chs_singlechar_pinyin.dat', 'ChtAdvancedDS.dll', 'ChtBopomofoDS.dll', 'ChtCangjieDS.dll', 'ChtHkStrokeDS.dll', 'ChtQuickDS.dll', 'ChxAPDS.dll', 'ChxDecoder.dll', 'ChxHAPDS.dll', 'chxinputrouter.dll', 'chxranker.dll', 'CHxReadingStringIME.dll', 'ci.dll', 'cic.dll', 'CIDiag.exe', 'cimfs.dll', 'cipher.exe', 'CIRCoInst.dll', 'CIWmi.dll', 'clb.dll', 'clbcatq.dll', 'cldapi.dll', 'cleanmgr.exe', 'CleanPCCSP.dll', 'clfsw32.dll', 'cliconfg.dll', 'cliconfg.exe', 'cliconfg.rll', 'clinfo.exe', 'clip.exe', 'ClipboardServer.dll', 'Clipc.dll', 'ClipRenew.exe', 'ClipSVC.dll', 'ClipUp.exe', 'clipwinrt.dll', 'cloudAP.dll', 'CloudDomainJoinAUG.dll', 'CloudDomainJoinDataModelServer.dll', 'CloudExperienceHost.dll', 'CloudExperienceHostBroker.dll', 'CloudExperienceHostBroker.exe', 'CloudExperienceHostCommon.dll', 'CloudExperienceHostUser.dll', 'CloudNotifications.exe', 'clrhost.dll', 'clusapi.dll', 'cmcfg32.dll', 'cmd.exe', 'cmdext.dll', 'cmdial32.dll', 'cmdkey.exe', 'cmdl32.exe', 'CMFNVSDeviceBridge.dll', 'cmgrcspps.dll', 'cmifw.dll', 'cmintegrator.dll', 'cmlua.dll', 'cmmon32.exe', 'cmpbk32.dll', 'cmstp.exe', 'cmstplua.dll', 'cmutil.dll', 'cngcredui.dll', 'cngprovider.dll', 'cnvfat.dll', 'cob-au.rs', 'CodeIntegrity', 'cofire.exe', 'cofiredm.dll', 'colbact.dll', 'coloradapterclient.dll', 'COLORCNV.DLL', 'colorcpl.exe', 'colorui.dll', 'Com', 'combase.dll', 'comcat.dll', 'comctl32.dll', 'comdlg32.dll', 'comexp.msc', 'coml2.dll', 'comp.exe', 'compact.exe', 'CompatTelRunner.exe', 'compmgmt.msc', 'CompMgmtLauncher.exe', 'ComposableShellProxyStub.dll', 'ComposerFramework.dll', 'CompPkgSrv.exe', 'CompPkgSup.dll', 'compstui.dll', 'computecore.dll', 'computelibeventlog.dll', 'computenetwork.dll', 'ComputerDefaults.exe', 'ComputerToastIcon.contrast-white.png', 'ComputerToastIcon.png', 'computestorage.dll', 'comrepl.dll', 'comres.dll', 'comsnap.dll', 'comsvcs.dll', 'comuid.dll', 'concrt140.dll', 'concrt140d.dll', 'config', 'configmanager2.dll', 'Configuration', 'ConfigureExpandedStorage.dll', 'conhost.exe', 'ConhostV1.dll', 'connect.dll', 'ConnectedAccountState.dll', 'consent.exe', 'ConsentExperienceCommon.dll', 'ConsentUX.dll', 'ConsentUxClient.dll', 'console.dll', 'ConsoleLogon.dll', 'ConstraintIndex.Search.dll', 'ContactActivation.dll', 'ContactApis.dll', 'ContactHarvesterDS.dll', 'container.dll', 'containerdevicemanagement.dll', 'ContainerSettingsProviders', 'ContentDeliveryManager.Utilities.dll', 'control.exe', 'convert.exe', 'convertvhd.exe', 'coreaudiopolicymanagerext.dll', 'coredpus.dll', 'coredpussvr.exe', 'coreglobconfig.dll', 'CoreMas.dll', 'CoreMessaging.dll', 'CoreMmRes.dll', 'CoreShell.dll', 'CoreShellAPI.dll', 'CoreShellExtFramework.dll', 'CoreUIComponents.dll', 'correngine.dll', 'CourtesyEngine.dll', 'CPFilters.dll', 'CredDialogBroker.dll', 'CredentialEnrollmentManager.exe', 'CredentialEnrollmentManagerForUser.dll', 'CredentialUIBroker.exe', 'CredProv2faHelper.dll', 'CredProvDataModel.dll', 'CredProvHelper.dll', 'credprovhost.dll', 'credprovs.dll', 'credprovslegacy.dll', 'credssp.dll', 'credui.dll', 'credwiz.exe', 'crypt32.dll', 'cryptbase.dll', 'cryptcatsvc.dll', 'cryptdlg.dll', 'cryptdll.dll', 'cryptext.dll', 'cryptnet.dll', 'cryptngc.dll', 'CryptoWinRT.dll', 'cryptsp.dll', 'cryptsvc.dll', 'crypttpmeksvc.dll', 'cryptui.dll', 'cryptuiwizard.dll', 'cryptxml.dll', 'cs-CZ', 'cscapi.dll', 'cscdll.dll', 'CscMig.dll', 'cscobj.dll', 'cscript.exe', 'cscsvc.dll', 'cscui.dll', 'CspCellularSettings.dll', 'csplte.dll', 'CspProxy.dll', 'csrr.rs', 'csrsrv.dll', 'csrss.exe', 'CSystemEventsBrokerClient.dll', 'ctfmon.exe', 'cttune.exe', 'cttunesvr.exe', 'curl.exe', 'CustomInstallExec.exe', 'CustomShellHost.exe', 'cuzzapi.dll', 'cxcredprov.dll', 'CXHProvisioningServer.dll', 'C_037.NLS', 'C_10000.NLS', 'C_10001.NLS', 'C_10002.NLS', 'C_10003.NLS', 'C_10004.NLS', 'C_10005.NLS', 'C_10006.NLS', 'C_10007.NLS', 'C_10008.NLS', 'C_10010.NLS', 'C_10017.NLS', 'C_10021.NLS', 'C_10029.NLS', 'C_10079.NLS', 'C_10081.NLS', 'C_10082.NLS', 'C_1026.NLS', 'C_1047.NLS', 'C_1140.NLS', 'C_1141.NLS', 'C_1142.NLS', 'C_1143.NLS', 'C_1144.NLS', 'C_1145.NLS', 'C_1146.NLS', 'C_1147.NLS', 'C_1148.NLS', 'C_1149.NLS', 'C_1250.NLS', 'C_1251.NLS', 'C_1252.NLS', 'C_1253.NLS', 'C_1254.NLS', 'C_1255.NLS', 'C_1256.NLS', 'C_1257.NLS', 'C_1258.NLS', 'C_1361.NLS', 'C_20000.NLS', 'C_20001.NLS', 'C_20002.NLS', 'C_20003.NLS', 'C_20004.NLS', 'C_20005.NLS', 'C_20105.NLS', 'C_20106.NLS', 'C_20107.NLS', 'C_20108.NLS', 'C_20127.NLS', 'C_20261.NLS', 'C_20269.NLS', 'C_20273.NLS', 'C_20277.NLS', 'C_20278.NLS', 'C_20280.NLS', 'C_20284.NLS', 'C_20285.NLS', 'C_20290.NLS', 'C_20297.NLS', 'C_20420.NLS', 'C_20423.NLS', 'C_20424.NLS', 'C_20833.NLS', 'C_20838.NLS', 'C_20866.NLS', 'C_20871.NLS', 'C_20880.NLS', 'C_20905.NLS', 'C_20924.NLS', 'C_20932.NLS', 'C_20936.NLS', 'C_20949.NLS', 'C_21025.NLS', 'C_21027.NLS', 'C_21866.NLS', 'C_28591.NLS', 'C_28592.NLS', 'C_28593.NLS', 'C_28594.NLS', 'C_28595.NLS', 'C_28596.NLS', 'C_28597.NLS', 'C_28598.NLS', 'C_28599.NLS', 'c_28603.nls', 'C_28605.NLS', 'C_437.NLS', 'C_500.NLS', 'C_708.NLS', 'C_720.NLS', 'C_737.NLS', 'C_775.NLS', 'C_850.NLS', 'C_852.NLS', 'C_855.NLS', 'C_857.NLS', 'C_858.NLS', 'C_860.NLS', 'C_861.NLS', 'C_862.NLS', 'C_863.NLS', 'C_864.NLS', 'C_865.NLS', 'C_866.NLS', 'C_869.NLS', 'C_870.NLS', 'C_874.NLS', 'C_875.NLS', 'C_932.NLS', 'C_936.NLS', 'C_949.NLS', 'C_950.NLS', 'C_G18030.DLL', 'c_GSM7.DLL', 'C_IS2022.DLL', 'C_ISCII.DLL', 'd2d1.dll', 'd2d1debug3.dll', 'd3d10.dll', 'd3d10core.dll', 'd3d10level9.dll', 'd3d10ref.dll', 'd3d10sdklayers.dll', 'd3d10warp.dll', 'd3d10_1.dll', 'd3d10_1core.dll', 'd3d11.dll', 'd3d11on12.dll', 'd3d11_3SDKLayers.dll', 'D3D12.dll', 'D3D12Core.dll', 'd3d12SDKLayers.dll', 'd3d8thk.dll', 'd3d9.dll', 'd3d9on12.dll', 'D3DCompiler_33.dll', 'D3DCompiler_34.dll', 'D3DCompiler_35.dll', 'D3DCompiler_36.dll', 'D3DCompiler_37.dll', 'D3DCompiler_38.dll', 'D3DCompiler_39.dll', 'D3DCompiler_40.dll', 'D3DCompiler_41.dll', 'D3DCompiler_42.dll', 'D3DCompiler_43.dll', 'D3DCompiler_47.dll', 'd3dconfig.exe', 'd3dcsx_42.dll', 'd3dcsx_43.dll', 'd3dref9.dll', 'D3DSCache.dll', 'd3dx10.dll', 'd3dx10_33.dll', 'd3dx10_34.dll', 'd3dx10_35.dll', 'd3dx10_36.dll', 'd3dx10_37.dll', 'd3dx10_38.dll', 'd3dx10_39.dll', 'd3dx10_40.dll', 'd3dx10_41.dll', 'd3dx10_42.dll', 'd3dx10_43.dll', 'd3dx11_42.dll', 'd3dx11_43.dll', 'd3dx9_24.dll', 'd3dx9_25.dll', 'd3dx9_26.dll', 'd3dx9_27.dll', 'd3dx9_28.dll', 'd3dx9_29.dll', 'd3dx9_30.dll', 'd3dx9_31.dll', 'd3dx9_32.dll', 'd3dx9_33.dll', 'd3dx9_34.dll', 'd3dx9_35.dll', 'd3dx9_36.dll', 'D3DX9_37.dll', 'D3DX9_38.dll', 'D3DX9_39.dll', 'D3DX9_40.dll', 'D3DX9_41.dll', 'D3DX9_42.dll', 'D3DX9_43.dll', 'da-DK', 'dab.dll', 'dabapi.dll', 'DAConn.dll', 'dafAspInfraProvider.dll', 'dafBth.dll', 'DafDnsSd.dll', 'dafDockingProvider.dll', 'DafGip.dll', 'DAFIoT.dll', 'DAFIPP.dll', 'DAFMCP.dll', 'dafpos.dll', 'DafPrintProvider.dll', 'dafupnp.dll', 'dafWCN.dll', 'dafWfdProvider.dll', 'DAFWiProv.dll', 'DAFWSD.dll', 'DAMediaManager.dll', 'DAMM.dll', 'DaOtpCredentialProvider.dll', 'das.dll', 'dasHost.exe', 'dataclen.dll', 'DataExchange.dll', 'DataExchangeHost.exe', 'datamarketsvc.dll', 'DataStoreCacheDumpTool.exe', 'DataUsageHandlers.dll', 'DataUsageLiveTileTask.exe', 'datusage.dll', 'davclnt.dll', 'davhlpr.dll', 'DavSyncProvider.dll', 'daxexec.dll', 'dbgcore.dll', 'dbgeng.dll', 'dbghelp.dll', 'DbgModel.dll', 'dbnetlib.dll', 'dbnmpntw.dll', 'dccw.exe', 'dciman32.dll', 'dcntel.dll', 'dcomcnfg.exe', 'dcomp.dll', 'DDACLSys.dll', 'DdcAntiTheftApi.dll', 'DdcClaimsApi.dll', 'DdcComImplementationsDesktop.dll', 'DDDS.dll', 'DDFs', 'ddisplay.dll', 'ddodiag.exe', 'DDOIProxy.dll', 'DDORes.dll', 'ddpchunk.dll', 'ddptrace.dll', 'ddputils.dll', 'ddp_ps.dll', 'ddraw.dll', 'ddrawex.dll', 'de-DE', 'DefaultAccountTile.png', 'DefaultDeviceManager.dll', 'DefaultHrtfs.bin', 'DefaultPrinterProvider.dll', 'DefaultQuestions.json', 'Defrag.exe', 'defragproxy.dll', 'defragres.dll', 'defragsvc.dll', 'delegatorprovider.dll', 'DeliveryOptimizationMIProv.mof', 'DeliveryOptimizationMIProvUninstall.mof', 'deploymentcsphelper.exe', 'deploymentcsps.dll', 'desk.cpl', 'deskadp.dll', 'deskmon.dll', 'desktopimgdownldr.exe', 'DesktopKeepOnToastImg.gif', 'DesktopShellAppStateContract.dll', 'DesktopShellExt.dll', 'DesktopSwitcherDataModel.dll', 'DesktopView.Internal.Broker.dll', 'DesktopView.Internal.Broker.ProxyStub.dll', 'DetailedReading-Default.xml', 'detoured.dll', 'DevDispItemProvider.dll', 'DeveloperOptionsSettingsHandlers.dll', 'devenum.dll', 'deviceaccess.dll', 'deviceassociation.dll', 'DeviceCensus.exe', 'DeviceCenter.dll', 'DeviceCredential.dll', 'DeviceCredentialDeployment.exe', 'DeviceDirectoryClient.dll', 'DeviceDisplayStatusManager.dll', 'DeviceDriverRetrievalClient.dll', 'DeviceEject.exe', 'DeviceElementSource.dll', 'DeviceEnroller.exe', 'DeviceFlows.DataModel.dll', 'DeviceMetadataRetrievalClient.dll', 'devicengccredprov.dll', 'DevicePairing.dll', 'DevicePairingExperienceMEM.dll', 'DevicePairingFolder.dll', 'DevicePairingProxy.dll', 'DevicePairingWizard.exe', 'DeviceProperties.exe', 'DeviceReactivation.dll', 'deviceregistration.dll', 'DeviceSetupManager.dll', 'DeviceSetupManagerAPI.dll', 'DeviceSetupStatusProvider.dll', 'DevicesFlowBroker.dll', 'DeviceSoftwareInstallationClient.dll', 'DeviceUpdateAgent.dll', 'DeviceUpdateCenterCsp.dll', 'DeviceUxRes.dll', 'devinv.dll', 'devmgmt.msc', 'devmgr.dll', 'DevModeRunAsUserConfig.msc', 'devobj.dll', 'DevPropMgr.dll', 'DevQueryBroker.dll', 'devrtl.dll', 'dfdts.dll', 'DFDWiz.exe', 'dfrgui.exe', 'dfscli.dll', 'dfshim.dll', 'DfsShlEx.dll', 'dggpext.dll', 'dgtrayicon.exe', 'dhcpcmonitor.dll', 'dhcpcore.dll', 'dhcpcore6.dll', 'dhcpcsvc.dll', 'dhcpcsvc6.dll', 'dhcpsapi.dll', 'DHolographicDisplay.dll', 'DiagCpl.dll', 'diagnosticdataquery.dll', 'DiagnosticInvoker.dll', 'DiagnosticLogCSP.dll', 'diagperf.dll', 'DiagSvc.dll', 'DiagSvcs', 'diagtrack.dll', 'dialclient.dll', 'dialer.exe', 'DialogBlockerProc.dll', 'DialogBlockingManager.dll', 'DialogBlockingService.dll', 'dialserver.dll', 'DictationManager.dll', 'difxapi.dll', 'dimsjob.dll', 'dimsroam.dll', 'dinput.dll', 'dinput8.dll', 'Direct2DDesktop.dll', 'directmanipulation.dll', 'DirectML.Debug.dll', 'directml.dll', 'directxdatabaseupdater.exe', 'discan.dll', 'diskmgmt.msc', 'diskpart.exe', 'diskperf.exe', 'diskraid.exe', 'DiskSnapshot.conf', 'DiskSnapshot.exe', 'Dism', 'Dism.exe', 'DismApi.dll', 'DispBroker.Desktop.dll', 'DispBroker.dll', 'dispdiag.exe', 'dispex.dll', 'Display.dll', 'DisplayManager.dll', 'DisplaySwitch.exe', 'DisplaySystemToastIcon.contrast-white.png', 'DisplaySystemToastIcon.png', 'djctq.rs', 'djoin.exe', 'dllhost.exe', 'dllhst3g.exe', 'dlnashext.dll', 'DMAlertListener.ProxyStub.dll', 'DmApiSetExtImplDesktop.dll', 'DMAppsRes.dll', 'dmcertinst.exe', 'dmcfghost.exe', 'dmcfgutils.dll', 'dmclient.exe', 'dmcmnutils.dll', 'dmcommandlineutils.dll', 'dmcsps.dll', 'dmdlgs.dll', 'dmdskmgr.dll', 'dmdskres.dll', 'dmdskres2.dll', 'dmenrollengine.dll', 'dmenterprisediagnostics.dll', 'dmintf.dll', 'dmiso8601utils.dll', 'dmloader.dll', 'DmNotificationBroker.exe', 'dmocx.dll', 'dmoleaututils.dll', 'DmOmaCpMo.exe', 'dmprocessxmlfiltered.dll', 'dmpushproxy.dll', 'DMPushRouterCore.dll', 'DMRCDecoder.dll', 'DMRServer.dll', 'dmsynth.dll', 'dmusic.dll', 'dmutil.dll', 'dmvdsitf.dll', 'dmview.ocx', 'dmwappushsvc.dll', 'dmwmicsp.dll', 'dmxmlhelputils.dll', 'dnsapi.dll', 'dnscacheugc.exe', 'dnscmmc.dll', 'dnsext.dll', 'dnshc.dll', 'dnsrslvr.dll', 'Docking.VirtualInput.dll', 'DockInterface.ProxyStub.dll', 'docprop.dll', 'DocumentPerformanceEvents.dll', 'DolbyDecMFT.dll', 'DolbyHrtfEnc.dll', 'DolbyMATEnc.dll', 'domgmt.dll', 'dosettings.dll', 'doskey.exe', 'dosvc.dll', 'dot3api.dll', 'dot3cfg.dll', 'Dot3Conn.dll', 'dot3dlg.dll', 'dot3gpclnt.dll', 'dot3gpui.dll', 'dot3hc.dll', 'dot3mm.dll', 'dot3msm.dll', 'dot3svc.dll', 'dot3ui.dll', 'downlevel', 'dpapi.dll', 'dpapimig.exe', 'dpapiprovider.dll', 'dpapisrv.dll', 'DpiScaling.exe', 'dpnaddr.dll', 'dpnathlp.dll', 'dpnet.dll', 'dpnhpast.dll', 'dpnhupnp.dll', 'dpnlobby.dll', 'dpnsvr.exe', 'dps.dll', 'dpx.dll', 'DragDropExperienceCommon.dll', 'DragDropExperienceDataExchangeDelegated.dll', 'driverquery.exe', 'drivers', 'DriverState', 'DriverStore', 'drprov.dll', 'drt.dll', 'DrtmAuth1.bin', 'DrtmAuth10.bin', 'DrtmAuth11.bin', 'DrtmAuth12.bin', 'DrtmAuth13.bin', 'DrtmAuth14.bin', 'DrtmAuth15.bin', 'DrtmAuth16.bin', 'DrtmAuth17.bin', 'DrtmAuth18.bin', 'DrtmAuth19.bin', 'DrtmAuth2.bin', 'DrtmAuth3.bin', 'DrtmAuth4.bin', 'DrtmAuth5.bin', 'DrtmAuth6.bin', 'DrtmAuth7.bin', 'DrtmAuth8.bin', 'DrtmAuth9.bin', 'DrtmAuthTxt.wim', 'drtprov.dll', 'drttransport.dll', 'drvinst.exe', 'drvsetup.dll', 'drvstore.dll', 'dsauth.dll', 'dsc', 'DscCore.dll', 'DscCoreConfProv.dll', 'dsclient.dll', 'dscproxy.dll', 'DscTimer.dll', 'dsdmo.dll', 'dskquota.dll', 'dskquoui.dll', 'DsmUserTask.exe', 'dsound.dll', 'dsparse.dll', 'dsprop.dll', 'dsquery.dll', 'dsreg.dll', 'dsregcmd.exe', 'dsregtask.dll', 'dsrole.dll', 'dssec.dat', 'dssec.dll', 'dssenh.dll', 'dssvc.dll', 'dstokenclean.exe', 'Dsui.dll', 'dsuiext.dll', 'dswave.dll', 'dtsh.dll', 'DTUHandler.exe', 'DTUHandlerPS.dll', 'DuCsps.dll', 'DucUpdateAgent.dll', 'dui70.dll', 'duser.dll', 'dusmapi.dll', 'dusmsvc.dll', 'dusmtask.exe', 'dvdplay.exe', 'dwm.exe', 'dwmapi.dll', 'dwmcore.dll', 'dwmghost.dll', 'dwminit.dll', 'dwmredir.dll', 'dwmscene.dll', 'DWrite.dll', 'DWWIN.EXE', 'DXCap.exe', 'DXCaptureReplay.dll', 'DXCore.dll', 'DXCpl.exe', 'dxdiag.exe', 'dxdiagn.dll', 'dxgi.dll', 'dxgiadaptercache.exe', 'DXGIDebug.dll', 'dxgwdi.dll', 'dxilconv.dll', 'dxmasf.dll', 'DXP.dll', 'dxpps.dll', 'Dxpserver.exe', 'DxpTaskSync.dll', 'dxtmsft.dll', 'DXToolsMonitor.dll', 'DXToolsOfflineAnalysis.dll', 'DxToolsReportGenerator.dll', 'DXToolsReporting.dll', 'dxtrans.dll', 'dxva2.dll', 'DynamicLong.bin', 'DynamicMedium.bin', 'DynamicShort.bin', 'dynamoapi.dll', 'EAMProgressHandler.dll', 'Eap3Host.exe', 'eapp3hst.dll', 'eappcfg.dll', 'eappcfgui.dll', 'eappgnui.dll', 'eapphost.dll', 'eappprxy.dll', 'eapprovp.dll', 'eapputil.dll', 'eapsimextdesktop.dll', 'eapsvc.dll', 'EapTeapAuth.dll', 'EapTeapConfig.dll', 'EapTeapExt.dll', 'easconsent.dll', 'EaseOfAccessDialog.exe', 'easinvoker.exe', 'easinvoker.proxystub.dll', 'EASPolicyManagerBrokerHost.exe', 'EasPolicyManagerBrokerPS.dll', 'easwrt.dll', 'edgeangle.dll', 'EdgeContent.dll', 'edgehtml.dll', 'edgeIso.dll', 'EdgeManager.dll', 'EditBufferTestHook.dll', 'EditionUpgradeHelper.dll', 'EditionUpgradeManagerObj.dll', 'edpauditapi.dll', 'EDPCleanup.exe', 'edpcsp.dll', 'edpnotify.exe', 'edptask.dll', 'edputil.dll', 'EduPrintProv.exe', 'eeprov.dll', 'EEURestart.exe', 'eeutil.dll', 'efsadu.dll', 'efscore.dll', 'efsext.dll', 'efslsaext.dll', 'efssvc.dll', 'efsui.exe', 'efsutil.dll', 'efswrt.dll', 'EhStorAPI.dll', 'EhStorAuthn.exe', 'EhStorPwdMgr.dll', 'EhStorShell.dll', 'el-GR', 'els.dll', 'ELSCore.dll', 'elshyph.dll', 'elslad.dll', 'elsTrans.dll', 'EmailApis.dll', 'embeddedmodesvc.dll', 'embeddedmodesvcapi.dll', 'EmojiDS.dll', 'en', 'en-GB', 'en-US', 'encapi.dll', 'energy.dll', 'energyprov.dll', 'energytask.dll', 'enrollmentapi.dll', 'EnterpriseAPNCsp.dll', 'EnterpriseAppMgmtClient.dll', 'EnterpriseAppMgmtSvc.dll', 'EnterpriseAppVMgmtCSP.dll', 'enterprisecsps.dll', 'EnterpriseDesktopAppMgmtCSP.dll', 'enterpriseetw.dll', 'EnterpriseModernAppMgmtCSP.dll', 'enterpriseresourcemanager.dll', 'EoAExperiences.exe', 'eqossnap.dll', 'ErrorDetails.dll', 'ErrorDetailsCore.dll', 'es-ES', 'es-MX', 'es.dll', 'EsdSip.dll', 'esent.dll', 'esentprf.dll', 'esentutl.exe', 'esevss.dll', 'eShims.dll', 'esrb.rs', 'et-EE', 'EthernetMediaManager.dll', 'ETWCoreUIComponentsResources.dll', 'ETWESEProviderResources.dll', 'EtwRundown.dll', 'eudcedit.exe', 'eUICCsCSP.dll', 'EventAggregation.dll', 'eventcls.dll', 'eventcreate.exe', 'EventViewer_EventDetails.xsl', 'eventvwr.exe', 'eventvwr.msc', 'evr.dll', 'ExecModelClient.dll', 'execmodelproxy.dll', 'expand.exe', 'ExplorerFrame.dll', 'ExSMime.dll', 'extrac32.exe', 'ExtrasXmlParser.dll', 'F12', 'f3ahvoas.dll', 'facecredentialprovider.dll', 'Facilitator.dll', 'Family.Authentication.dll', 'Family.Cache.dll', 'Family.Client.dll', 'Family.SyncEngine.dll', 'FamilySafetyExt.dll', 'Faultrep.dll', 'FaxPrinterInstaller.dll', 'fc.exe', 'fcon.dll', 'fdBth.dll', 'fdBthProxy.dll', 'FdDevQuery.dll', 'fde.dll', 'fdeploy.dll', 'fdPHost.dll', 'fdPnp.dll', 'fdprint.dll', 'fdProxy.dll', 'FDResPub.dll', 'fdSSDP.dll', 'fdWCN.dll', 'fdWNet.dll', 'fdWSD.dll', 'FeatureToastBulldogImg.png', 'FeatureToastDlpImg.png', 'feclient.dll', 'ff-Adlm-SN', 'ffbroker.dll', 'fhcat.dll', 'fhcfg.dll', 'fhcleanup.dll', 'fhcpl.dll', 'fhengine.dll', 'fhevents.dll', 'fhlisten.dll', 'fhmanagew.exe', 'fhsettingsprovider.dll', 'fhshl.dll', 'fhsrchapi.dll', 'fhsrchph.dll', 'fhsvc.dll', 'fhsvcctl.dll', 'fhtask.dll', 'fhuxadapter.dll', 'fhuxapi.dll', 'fhuxcommon.dll', 'fhuxgraphics.dll', 'fhuxpresentation.dll', 'fi-FI', 'fidocredprov.dll', 'FileAppxStreamingDataSource.dll', 'FileHistory.exe', 'filemgmt.dll', 'FilterDS.dll', 'find.exe', 'findnetprinters.dll', 'findstr.exe', 'finger.exe', 'fingerprintcredential.dll', 'Firewall.cpl', 'FirewallAPI.dll', 'FirewallControlPanel.dll', 'fixmapi.exe', 'FlightSettings.dll', 'fltLib.dll', 'fltMC.exe', 'FluencyDS.dll', 'fmapi.dll', 'fmifs.dll', 'fms.dll', 'FNTCACHE.DAT', 'FntCache.dll', 'fodhelper.exe', 'Fondue.exe', 'fontdrvhost.exe', 'fontext.dll', 'FontGlyphAnimator.dll', 'fontgroupsoverride.dll', 'FontProvider.dll', 'fontsub.dll', 'fontview.exe', 'forfiles.exe', 'format.com', 'fpb.rs', 'fphc.dll', 'fr-CA', 'fr-FR', 'framedyn.dll', 'framedynos.dll', 'FrameServer.dll', 'FrameServerClient.dll', 'frprov.dll', 'fsavailux.exe', 'FsIso.exe', 'fsmgmt.msc', 'FsNVSDeviceSource.dll', 'fsquirt.exe', 'fsutil.exe', 'fsutilext.dll', 'fthsvc.dll', 'ftp.exe', 'fundisc.dll', 'fveapi.dll', 'fveapibase.dll', 'fvecerts.dll', 'fvecpl.dll', 'fvenotify.exe', 'fveprompt.exe', 'fveskybackup.dll', 'fveui.dll', 'fvewiz.dll', 'fwbase.dll', 'fwcfg.dll', 'fwmdmcsp.dll', 'fwpolicyiomgr.dll', 'FWPUCLNT.DLL', 'FwRemoteSvr.dll', 'FXSAPI.dll', 'FXSCOM.dll', 'FXSCOMEX.dll', 'FXSCOMPOSE.dll', 'FXSCOMPOSERES.dll', 'FXSCOVER.exe', 'FXSEVENT.dll', 'FXSMON.dll', 'FXSRESM.dll', 'FXSROUTE.dll', 'FXSST.dll', 'FXSSVC.exe', 'FXST30.dll', 'FXSTIFF.dll', 'FxsTmp', 'FXSUNATD.exe', 'FXSUTILITY.dll', 'g711codc.ax', 'GameBarPresenceWriter.exe', 'GameBarPresenceWriter.proxy.dll', 'GameChatOverlayExt.dll', 'GameChatTranscription.dll', 'GameInput.dll', 'GameManager64.dll', 'gamemode.dll', 'GamePanel.exe', 'GamePanelExternalHook.dll', 'gamestreamingext.dll', 'GameSystemToastIcon.contrast-white.png', 'GameSystemToastIcon.png', 'gameux.dll', 'gamingtcui.dll', 'gatherNetworkInfo.vbs', 'gb2312.uce', 'gcdef.dll', 'gdi32.dll', 'gdi32full.dll', 'GdiPlus.dll', 'generaltel.dll', 'GenValObj.exe', 'Geocommon.dll', 'Geolocation.dll', 'getmac.exe', 'getuname.dll', 'glmf32.dll', 'globinputhost.dll', 'glu32.dll', 'gmsaclient.dll', 'gpapi.dll', 'GPCSEWrapperCsp.dll', 'gpedit.dll', 'gpedit.msc', 'gpprefcl.dll', 'gpprnext.dll', 'gpresult.exe', 'gpscript.dll', 'gpscript.exe', 'gpsvc.dll', 'gptext.dll', 'gpupdate.exe', 'GraphicsCapture.dll', 'GraphicsPerfSvc.dll', 'grb.rs', 'Groupinghc.dll', 'GroupPolicy', 'GroupPolicyUsers', 'grpconv.exe', 'hal.dll', 'HalExtIntcLpioDMA.dll', 'HalExtPL080.dll', 'HandwritingSystemToastIcon.contrast-white.png', 'HandwritingSystemToastIcon.png', 'hascsp.dll', 'HashtagDS.dll', 'hbaapi.dll', 'hcproviders.dll', 'HdcpHandler.dll', 'hdwwiz.cpl', 'hdwwiz.exe', 'he-IL', 'HeadphoneSystemToastIcon.contrast-white.png', 'HeadphoneSystemToastIcon.png', 'HeadsetSystemToastIcon.contrast-white.png', 'HeadsetSystemToastIcon.png', 'HealthSystemToastIcon.contrast-white.png', 'HealthSystemToastIcon.png', 'HeatCore.dll', 'help.exe', 'HelpPaneProxy.dll', 'hgcpl.dll', 'hgprint.dll', 'hhctrl.ocx', 'hhsetup.dll', 'hid.dll', 'HidCfu.dll', 'hidphone.tsp', 'hidserv.dll', 'hlink.dll', 'hmkd.dll', 'hnetcfg.dll', 'HNetCfgClient.dll', 'hnetmon.dll', 'HologramCompositor.dll', 'HologramWorld.dll', 'HolographicExtensions.dll', 'HolographicRuntimes.dll', 'HoloShellRuntime.dll', 'HoloSHExtensions.dll', 'HoloSI.PCShell.dll', 'HOSTNAME.EXE', 'hotplug.dll', 'hr-HR', 'HrtfApo.dll', 'html.iec', 'httpapi.dll', 'httpprxc.dll', 'httpprxm.dll', 'httpprxp.dll', 'HttpsDataSource.dll', 'htui.dll', 'hu-HU', 'hvax64.exe', 'hvhostsvc.dll', 'hvix64.exe', 'hvloader.dll', 'hvsievaluator.exe', 'hvsigpext.dll', 'HvsiManagementApi.dll', 'HvSocket.dll', 'Hydrogen', 'Hydrogen.dll', 'IA2ComProxy.dll', 'ias', 'ias.dll', 'iasacct.dll', 'iasads.dll', 'iasdatastore.dll', 'iashlpr.dll', 'IasMigPlugin.dll', 'iasnap.dll', 'iaspolcy.dll', 'iasrad.dll', 'iasrecst.dll', 'iassam.dll', 'iassdo.dll', 'iassvcs.dll', 'icacls.exe', 'icfupgd.dll', 'icm32.dll', 'icmp.dll', 'icmui.dll', 'IconCodecService.dll', 'IcsEntitlementHost.exe', 'icsigd.dll', 'icsunattend.exe', 'icsvc.dll', 'icsvcext.dll', 'icsxml', 'icu.dll', 'icuin.dll', 'icuuc.dll', 'IdCtrls.dll', 'ideograf.uce', 'IdListen.dll', 'idndl.dll', 'IDStore.dll', 'ie4uinit.exe', 'ie4ushowIE.exe', 'IEAdvpack.dll', 'ieapfltr.dll', 'iedkcs32.dll', 'ieframe.dll', 'iemigplugin.dll', 'iepeers.dll', 'ieproxy.dll', 'iernonce.dll', 'iertutil.dll', 'IESettingSync.exe', 'iesetup.dll', 'iesysprep.dll', 'ieui.dll', 'ieuinit.inf', 'ieUnatt.exe', 'iexpress.exe', 'ifmon.dll', 'ifsutil.dll', 'ifsutilx.dll', 'igdDiag.dll', 'IHDS.dll', 'ihvrilproxy.dll', 'IKEEXT.DLL', 'imaadp32.acm', 'imagehlp.dll', 'imageres.dll', 'imagesp1.dll', 'imapi.dll', 'imapi2.dll', 'imapi2fs.dll', 'IME', 'imgutil.dll', 'imm32.dll', 'immersivetpmvscmgrsvr.exe', 'ImplatSetup.dll', 'IndexedDbLegacy.dll', 'inetcomm.dll', 'inetcpl.cpl', 'inetmib1.dll', 'inetpp.dll', 'inetppui.dll', 'INETRES.dll', 'inetsrv', 'InfDefaultInstall.exe', 'InkEd.dll', 'InkObjCore.dll', 'InprocLogger.dll', 'input.dll', 'InputCloudStore.dll', 'InputController.dll', 'InputHost.dll', 'InputInjectionBroker.dll', 'InputLocaleManager.dll', 'InputMethod', 'InputService.dll', 'InputSwitch.dll', 'InputSwitchToastHandler.exe', 'InputSystemToastIcon.contrast-white.png', 'InputSystemToastIcon.png', 'inseng.dll', 'InstallService.dll', 'InstallServiceTasks.dll', 'internetmail.dll', 'InternetMailCsp.dll', 'intl.cpl', 'invagent.dll', 'iologmsg.dll', 'IoTAssignedAccessLockFramework.dll', 'iotstartup.exe', 'ipconfig.exe', 'IPELoggingDictationHelper.dll', 'IPHLPAPI.DLL', 'iphlpsvc.dll', 'Ipmi', 'ipnathlp.dll', 'IpNatHlpClient.dll', 'iprtprio.dll', 'iprtrmgr.dll', 'ipsecsnp.dll', 'IPSECSVC.DLL', 'ipsmsnap.dll', 'ipxlatcfg.dll', 'iri.dll', 'irprops.cpl', 'iscsicli.exe', 'iscsicpl.dll', 'iscsicpl.exe', 'iscsidsc.dll', 'iscsied.dll', 'iscsiexe.dll', 'iscsilog.dll', 'iscsium.dll', 'iscsiwmi.dll', 'iscsiwmiv2.dll', 'ISM.dll', 'isoburn.exe', 'it-IT', 'itircl.dll', 'itss.dll', 'iuilp.dll', 'iumbase.dll', 'iumcrypt.dll', 'iumdll.dll', 'IumSdk.dll', 'iyuv_32.dll', 'ja-jp', 'JavaScriptCollectionAgent.dll', 'joinproviderol.dll', 'joinutil.dll', 'joy.cpl', 'JpMapControl.dll', 'jpndecoder.dll', 'jpninputrouter.dll', 'jpnranker.dll', 'JpnServiceDS.dll', 'jscript.dll', 'jscript9.dll', 'jscript9diag.dll', 'jsproxy.dll', 'kanji_1.uce', 'kanji_2.uce', 'kapp_ci.sbin', 'kapp_si.sbin', 'kbd101.dll', 'kbd101a.dll', 'kbd101b.dll', 'kbd101c.dll', 'kbd103.dll', 'kbd106.dll', 'kbd106n.dll', 'KBDA1.DLL', 'KBDA2.DLL', 'KBDA3.DLL', 'KBDADLM.DLL', 'KBDAL.DLL', 'KBDARME.DLL', 'kbdarmph.dll', 'kbdarmty.dll', 'KBDARMW.DLL', 'kbdax2.dll', 'KBDAZE.DLL', 'KBDAZEL.DLL', 'KBDAZST.DLL', 'KBDBASH.DLL', 'KBDBE.DLL', 'KBDBENE.DLL', 'KBDBGPH.DLL', 'KBDBGPH1.DLL', 'KBDBHC.DLL', 'KBDBLR.DLL', 'KBDBR.DLL', 'KBDBU.DLL', 'KBDBUG.DLL', 'KBDBULG.DLL', 'KBDCA.DLL', 'KBDCAN.DLL', 'KBDCHER.DLL', 'KBDCHERP.DLL', 'KBDCR.DLL', 'KBDCZ.DLL', 'KBDCZ1.DLL', 'KBDCZ2.DLL', 'KBDDA.DLL', 'KBDDIV1.DLL', 'KBDDIV2.DLL', 'KBDDV.DLL', 'KBDDZO.DLL', 'KBDES.DLL', 'KBDEST.DLL', 'KBDFA.DLL', 'kbdfar.dll', 'KBDFC.DLL', 'KBDFI.DLL', 'KBDFI1.DLL', 'KBDFO.DLL', 'KBDFR.DLL', 'KBDFTHRK.DLL', 'KBDGAE.DLL', 'KBDGEO.DLL', 'kbdgeoer.dll', 'kbdgeome.dll', 'kbdgeooa.dll', 'kbdgeoqw.dll', 'KBDGKL.DLL', 'KBDGN.DLL', 'KBDGR.DLL', 'KBDGR1.DLL', 'KBDGRLND.DLL', 'KBDGTHC.DLL', 'KBDHAU.DLL', 'KBDHAW.DLL', 'KBDHE.DLL', 'KBDHE220.DLL', 'KBDHE319.DLL', 'KBDHEB.DLL', 'kbdhebl3.dll', 'KBDHELA2.DLL', 'KBDHELA3.DLL', 'KBDHEPT.DLL', 'KBDHU.DLL', 'KBDHU1.DLL', 'kbdibm02.dll', 'KBDIBO.DLL', 'KBDIC.DLL', 'KBDINASA.DLL', 'KBDINBE1.DLL', 'KBDINBE2.DLL', 'KBDINBEN.DLL', 'KBDINDEV.DLL', 'KBDINEN.DLL', 'KBDINGUJ.DLL', 'KBDINHIN.DLL', 'KBDINKAN.DLL', 'KBDINMAL.DLL', 'KBDINMAR.DLL', 'KBDINORI.DLL', 'KBDINPUN.DLL', 'KBDINTAM.DLL', 'KBDINTEL.DLL', 'KBDINUK2.DLL', 'KBDIR.DLL', 'KBDIT.DLL', 'KBDIT142.DLL', 'KBDIULAT.DLL', 'KBDJAV.DLL', 'KBDJPN.DLL', 'KBDKAZ.DLL', 'KBDKHMR.DLL', 'KBDKNI.DLL', 'KBDKOR.DLL', 'KBDKURD.DLL', 'KBDKYR.DLL', 'KBDLA.DLL', 'KBDLAO.DLL', 'kbdlisub.dll', 'kbdlisus.dll', 'kbdlk41a.dll', 'KBDLT.DLL', 'KBDLT1.DLL', 'KBDLT2.DLL', 'KBDLV.DLL', 'KBDLV1.DLL', 'KBDLVST.DLL', 'KBDMAC.DLL', 'KBDMACST.DLL', 'KBDMAORI.DLL', 'KBDMLT47.DLL', 'KBDMLT48.DLL', 'KBDMON.DLL', 'KBDMONMO.DLL', 'KBDMONST.DLL', 'KBDMYAN.DLL', 'KBDNE.DLL', 'kbdnec.dll', 'kbdnec95.dll', 'kbdnecat.dll', 'kbdnecnt.dll', 'KBDNEPR.DLL', 'kbdnko.dll', 'KBDNO.DLL', 'KBDNO1.DLL', 'KBDNSO.DLL', 'KBDNTL.DLL', 'KBDOGHAM.DLL', 'KBDOLCH.DLL', 'KBDOLDIT.DLL', 'KBDOSA.DLL', 'KBDOSM.DLL', 'KBDPASH.DLL', 'kbdphags.dll', 'KBDPL.DLL', 'KBDPL1.DLL', 'KBDPO.DLL', 'KBDRO.DLL', 'KBDROPR.DLL', 'KBDROST.DLL', 'KBDRU.DLL', 'KBDRU1.DLL', 'KBDRUM.DLL', 'KBDSF.DLL', 'KBDSG.DLL', 'KBDSL.DLL', 'KBDSL1.DLL', 'KBDSMSFI.DLL', 'KBDSMSNO.DLL', 'KBDSN1.DLL', 'KBDSORA.DLL', 'KBDSOREX.DLL', 'KBDSORS1.DLL', 'KBDSORST.DLL', 'KBDSP.DLL', 'KBDSW.DLL', 'KBDSW09.DLL', 'KBDSYR1.DLL', 'KBDSYR2.DLL', 'KBDTAILE.DLL', 'KBDTAJIK.DLL', 'KBDTAM99.DLL', 'KBDTAT.DLL', 'KBDTH0.DLL', 'KBDTH1.DLL', 'KBDTH2.DLL', 'KBDTH3.DLL', 'KBDTIFI.DLL', 'KBDTIFI2.DLL', 'KBDTIPRC.DLL', 'KBDTIPRD.DLL', 'KBDTT102.DLL', 'KBDTUF.DLL', 'KBDTUQ.DLL', 'KBDTURME.DLL', 'KBDTZM.DLL', 'KBDUGHR.DLL', 'KBDUGHR1.DLL', 'KBDUK.DLL', 'KBDUKX.DLL', 'KBDUR.DLL', 'KBDUR1.DLL', 'KBDURDU.DLL', 'KBDUS.DLL', 'KBDUSA.DLL', 'KBDUSL.DLL', 'KBDUSR.DLL', 'KBDUSX.DLL', 'KBDUZB.DLL', 'KBDVNTC.DLL', 'KBDWOL.DLL', 'KBDYAK.DLL', 'KBDYBA.DLL', 'KBDYCC.DLL', 'KBDYCL.DLL', 'kd.dll', 'kdcom.dll', 'kdcpw.dll', 'kdhvcom.dll', 'kdnet.dll', 'kdnet_uart16550.dll', 'KdsCli.dll', 'kdstub.dll', 'kdusb.dll', 'kd_02_10df.dll', 'kd_02_10ec.dll', 'kd_02_1137.dll', 'kd_02_14e4.dll', 'kd_02_15b3.dll', 'kd_02_1969.dll', 'kd_02_19a2.dll', 'kd_02_1af4.dll', 'kd_02_8086.dll', 'kd_07_1415.dll', 'kd_0C_8086.dll', 'keepaliveprovider.dll', 'KerbClientShared.dll', 'kerberos.dll', 'kernel.appcore.dll', 'kernel32.dll', 'KernelBase.dll', 'KeyboardFilterCore.dll', 'KeyboardFilterManager.dll', 'KeyboardFilterShim.dll', 'KeyboardFilterSvc.dll', 'KeyboardSystemToastIcon.contrast-white.png', 'KeyboardSystemToastIcon.png', 'KeyCredMgr.dll', 'keyiso.dll', 'keymgr.dll', 'KeywordDetectorMsftSidAdapter.dll', 'Keywords', 'klist.exe', 'kmddsp.tsp', 'KnobsCore.dll', 'KnobsCsp.dll', 'ko-KR', 'korean.uce', 'ksetup.exe', 'ksproxy.ax', 'kstvtune.ax', 'ksuser.dll', 'Kswdmcap.ax', 'ksxbar.ax', 'ktmutil.exe', 'ktmw32.dll', 'l2gpstore.dll', 'l2nacp.dll', 'L2SecHC.dll', 'l3codeca.acm', 'l3codecp.acm', 'label.exe', 'LangCleanupSysprepAction.dll', 'LanguageComponentsInstaller.dll', 'LanguageComponentsInstallerComHandler.exe', 'LanguageOverlayServer.dll', 'LanguageOverlayUtil.dll', 'LanguagePackDiskCleanup.dll', 'LAPRXY.DLL', 'LaptopPlugInToastImg.gif', 'LargeRoom.bin', 'LaunchTM.exe', 'LaunchWinApp.exe', 'lcphrase.tbl', 'lcptr.tbl', 'LegacyNetUX.dll', 'LegacyNetUXHost.exe', 'LegacySystemSettings.dll', 'lfsvc.dll', 'libcrypto.dll', 'license.rtf', 'LicenseManager.dll', 'LicenseManagerApi.dll', 'LicenseManagerShellext.exe', 'LicenseManagerSvc.dll', 'Licenses', 'LicensingCSP.dll', 'licensingdiag.exe', 'LicensingDiagSpp.dll', 'LicensingUI.exe', 'LicensingWinRT.dll', 'licmgr10.dll', 'linkinfo.dll', 'ListSvc.dll', 'lltdapi.dll', 'lltdres.dll', 'lltdsvc.dll', 'lmhsvc.dll', 'loadperf.dll', 'locale.nls', 'localsec.dll', 'localspl.dll', 'localui.dll', 'LocationApi.dll', 'LocationFramework.dll', 'LocationFrameworkInternalPS.dll', 'LocationFrameworkPS.dll', 'LocationNotificationWindows.exe', 'LocationWinPalMisc.dll', 'Locator.exe', 'LockAppBroker.dll', 'LockAppHost.exe', 'LockController.dll', 'LockHostingFramework.dll', 'LockScreenContent.dll', 'LockScreenContentHost.dll', 'LockScreenContentServer.exe', 'LockScreenData.dll', 'lodctr.exe', 'logagent.exe', 'LogFiles', 'loghours.dll', 'logman.exe', 'logoff.exe', 'logoncli.dll', 'LogonController.dll', 'LogonUI.exe', 'Logs', 'lpasvc.dll', 'lpk.dll', 'lpkinstall.exe', 'lpksetup.exe', 'lpksetupproxyserv.dll', 'lpremove.exe', 'LsaIso.exe', 'lsasrv.dll', 'lsass.exe', 'LSCSHostPolicy.dll', 'lsm.dll', 'lsmproxy.dll', 'lstelemetry.dll', 'lt-LT', 'luainstall.dll', 'luiapi.dll', 'lusrmgr.msc', 'lv-LV', 'lz32.dll', 'l_intl.nls', 'Magnification.dll', 'Magnify.exe', 'MailContactsCalendarSync', 'main.cpl', 'MaintenanceUI.dll', 'makecab.exe', 'manage-bde.exe', 'manage-bde.wsf', 'ManageCI.dll', 'mantle64.dll', 'mantleaxl64.dll', 'MapConfiguration.dll', 'MapControlCore.dll', 'MapControlStringsRes.dll', 'MapGeocoder.dll', 'mapi32.dll', 'mapistub.dll', 'MapRouter.dll', 'MapsBtSvc.dll', 'MapsBtSvcProxy.dll', 'MapsCSP.dll', 'MapsStore.dll', 'mapstoasttask.dll', 'mapsupdatetask.dll', 'mavinject.exe', 'MbaeApi.dll', 'MbaeApiPublic.dll', 'MbaeParserTask.exe', 'MbaeXmlParser.dll', 'mblctr.exe', 'MBMediaManager.dll', 'MBR2GPT.EXE', 'mbsmsapi.dll', 'mbussdapi.dll', 'mcbuilder.exe', 'MCCSEngineShared.dll', 'MCCSPal.dll', 'mciavi32.dll', 'mcicda.dll', 'mciqtz32.dll', 'mciseq.dll', 'mciwave.dll', 'mcl64.dll', 'MCRecvSrc.dll', 'mcupdate_AuthenticAMD.dll', 'mcupdate_GenuineIntel.dll', 'MDEServer.exe', 'MDMAgent.exe', 'MDMAppInstaller.exe', 'MdmCommon.dll', 'MdmDiagnostics.dll', 'MdmDiagnosticsTool.exe', 'mdminst.dll', 'mdmlocalmanagement.dll', 'mdmmigrator.dll', 'mdmpostprocessevaluator.dll', 'mdmregistration.dll', 'MdRes.exe', 'MdSched.exe', 'MediaFoundation.DefaultPerceptionProvider.dll', 'MediaSystemToastIcon.contrast-white.png', 'MediaSystemToastIcon.png', 'MediumRoom.bin', 'MemoryDiagnostic.dll', 'MessagingDataModel2.dll', 'MessagingService.dll', 'mf.dll', 'mf3216.dll', 'mfAACEnc.dll', 'mfasfsrcsnk.dll', 'mfaudiocnv.dll', 'mfc100.dll', 'mfc100chs.dll', 'mfc100cht.dll', 'mfc100deu.dll', 'mfc100enu.dll', 'mfc100esn.dll', 'mfc100fra.dll', 'mfc100ita.dll', 'mfc100jpn.dll', 'mfc100kor.dll', 'mfc100rus.dll', 'mfc100u.dll', 'mfc140.dll', 'mfc140chs.dll', 'mfc140cht.dll', 'mfc140d.dll', 'mfc140deu.dll', 'mfc140enu.dll', 'mfc140esn.dll', 'mfc140fra.dll', 'mfc140ita.dll', 'mfc140jpn.dll', 'mfc140kor.dll', 'mfc140rus.dll', 'mfc140u.dll', 'mfc140ud.dll', 'mfc42.dll', 'mfc42u.dll', 'MFCaptureEngine.dll', 'mfcm100.dll', 'mfcm100u.dll', 'mfcm140.dll', 'mfcm140d.dll', 'mfcm140u.dll', 'mfcm140ud.dll', 'mfcore.dll', 'mfcsubs.dll', 'mfds.dll', 'mfdvdec.dll', 'mferror.dll', 'mfh263enc.dll', 'mfh264enc.dll', 'mfksproxy.dll', 'MFMediaEngine.dll', 'mfmjpegdec.dll', 'mfmkvsrcsnk.dll', 'mfmp4srcsnk.dll', 'mfmpeg2srcsnk.dll', 'mfnetcore.dll', 'mfnetsrc.dll', 'mfperfhelper.dll', 'mfplat.dll', 'MFPlay.dll', 'mfpmp.exe', 'mfps.dll', 'mfreadwrite.dll', 'mfsensorgroup.dll', 'mfsrcsnk.dll', 'mfsvr.dll', 'mftranscode.dll', 'mfvdsp.dll', 'mfvfw.dll', 'MFWMAAEC.DLL', 'mgmtapi.dll', 'mgmtrefreshcredprov.dll', 'mi.dll', 'mibincodec.dll', 'Microsoft', 'Microsoft-Windows-AppModelExecEvents.dll', 'microsoft-windows-battery-events.dll', 'microsoft-windows-hal-events.dll', 'Microsoft-Windows-Internal-Shell-NearShareExperience.dll', 'microsoft-windows-kernel-pnp-events.dll', 'microsoft-windows-kernel-power-events.dll', 'microsoft-windows-kernel-processor-power-events.dll', 'Microsoft-Windows-MapControls.dll', 'Microsoft-Windows-MosHost.dll', 'microsoft-windows-pdc.dll', 'microsoft-windows-power-cad-events.dll', 'microsoft-windows-processor-aggregator-events.dll', 'microsoft-windows-sleepstudy-events.dll', 'microsoft-windows-storage-tiering-events.dll', 'microsoft-windows-system-events.dll', 'Microsoft-WindowsPhone-SEManagementProvider.dll', 'Microsoft.Bluetooth.Proxy.dll', 'Microsoft.Bluetooth.Service.dll', 'Microsoft.Bluetooth.UserService.dll', 'Microsoft.Graphics.Display.DisplayEnhancementService.dll', 'Microsoft.LocalUserImageProvider.dll', 'Microsoft.Management.Infrastructure.Native.Unmanaged.dll', 'Microsoft.Uev.AgentDriverEvents.dll', 'Microsoft.Uev.AppAgent.dll', 'Microsoft.Uev.CabUtil.dll', 'Microsoft.Uev.CmUtil.dll', 'Microsoft.Uev.Common.dll', 'Microsoft.Uev.Common.WinRT.dll', 'Microsoft.Uev.CommonBridge.dll', 'Microsoft.Uev.ConfigWrapper.dll', 'Microsoft.Uev.CscUnpinTool.exe', 'Microsoft.Uev.EventLogMessages.dll', 'Microsoft.Uev.LocalSyncProvider.dll', 'Microsoft.Uev.ManagedEventLogging.dll', 'Microsoft.Uev.Management.dll', 'Microsoft.Uev.Management.WmiAccess.dll', 'Microsoft.Uev.ModernAppAgent.dll', 'Microsoft.Uev.ModernAppCore.dll', 'Microsoft.Uev.ModernAppData.WinRT.dll', 'Microsoft.Uev.ModernSync.dll', 'Microsoft.Uev.MonitorSyncProvider.dll', 'Microsoft.Uev.Office2010CustomActions.dll', 'Microsoft.Uev.Office2013CustomActions.dll', 'Microsoft.Uev.PrinterCustomActions.dll', 'Microsoft.Uev.SmbSyncProvider.dll', 'Microsoft.Uev.SyncCommon.dll', 'Microsoft.Uev.SyncConditions.dll', 'Microsoft.Uev.SyncController.exe', 'microsoft.windows.softwarelogo.showdesktop.exe', 'MicrosoftAccountCloudAP.dll', 'MicrosoftAccountExtension.dll', 'MicrosoftAccountTokenProvider.dll', 'MicrosoftAccountWAMExtension.dll', 'MicrosoftEdgeBCHost.exe', 'MicrosoftEdgeCP.exe', 'MicrosoftEdgeDevTools.exe', 'MicrosoftEdgeSH.exe', 'midimap.dll', 'migisol.dll', 'migration', 'miguiresource.dll', 'migwiz', 'mimefilt.dll', 'mimofcodec.dll', 'MinstoreEvents.dll', 'MiracastInputMgr.dll', 'MiracastReceiver.dll', 'MiracastReceiverExt.dll', 'MirrorDrvCompat.dll', 'mispace.dll', 'MitigationClient.dll', 'MitigationConfiguration.dll', 'mitigationscanner.exe', 'miutils.dll', 'MixedReality.Broker.dll', 'MixedRealityCapture.Pipeline.dll', 'MixedRealityRuntime.dll', 'MixedRealityRuntime.json', 'mlang.dat', 'mlang.dll', 'mmc.exe', 'mmc.exe.config', 'mmcbase.dll', 'mmcndmgr.dll', 'mmcshext.dll', 'MMDevAPI.dll', 'mmgaclient.dll', 'mmgaproxystub.dll', 'mmgaserver.exe', 'mmres.dll', 'mmsys.cpl', 'mobilenetworking.dll', 'mobsync.exe', 'mode.com', 'modemui.dll', 'modernexecserver.dll', 'more.com', 'moricons.dll', 'moshost.dll', 'MosHostClient.dll', 'moshostcore.dll', 'MosStorage.dll', 'mountvol.exe', 'MouseSystemToastIcon.contrast-white.png', 'MouseSystemToastIcon.png', 'MoUsoCoreWorker.exe', 'MP3DMOD.DLL', 'MP43DECD.DLL', 'MP4SDECD.DLL', 'Mpeg2Data.ax', 'mpeval.dll', 'mpg2splt.ax', 'MPG4DECD.DLL', 'mpnotify.exe', 'mpr.dll', 'mprapi.dll', 'mprddm.dll', 'mprdim.dll', 'mprext.dll', 'mprmsg.dll', 'MpSigStub.exe', 'MPSSVC.dll', 'mpunits.dll', 'MRINFO.EXE', 'MrmCoreR.dll', 'MrmDeploy.dll', 'MrmIndexer.dll', 'MRT', 'MRT.exe', 'mrt100.dll', 'mrt_map.dll', 'ms3dthumbnailprovider.dll', 'msaatext.dll', 'MSAC3ENC.DLL', 'msacm32.dll', 'msacm32.drv', 'msadp32.acm', 'msafd.dll', 'MSAJApi.dll', 'MSAlacDecoder.dll', 'MSAlacEncoder.dll', 'MSAMRNBDecoder.dll', 'MSAMRNBEncoder.dll', 'MSAMRNBSink.dll', 'MSAMRNBSource.dll', 'MSAProfileNotificationHandler.dll', 'msasn1.dll', 'MSAudDecMFT.dll', 'msaudite.dll', 'msauserext.dll', 'mscandui.dll', 'mscat32.dll', 'MSchedExe.exe', 'msclmd.dll', 'mscms.dll', 'msconfig.exe', 'mscoree.dll', 'mscorier.dll', 'mscories.dll', 'msctf.dll', 'msctfime.ime', 'MsCtfMonitor.dll', 'msctfp.dll', 'msctfui.dll', 'msctfuimanager.dll', 'msdadiag.dll', 'msdart.dll', 'msdatsrc.tlb', 'msdelta.dll', 'msdmo.dll', 'MSDRM', 'msdrm.dll', 'msdt.exe', 'MsDtc', 'msdtc.exe', 'msdtckrm.dll', 'msdtclog.dll', 'msdtcprx.dll', 'msdtcspoffln.dll', 'msdtctm.dll', 'msdtcuiu.dll', 'msdtcVSp1res.dll', 'MSDvbNP.ax', 'msdxm.ocx', 'msdxm.tlb', 'msfeeds.dll', 'msfeedsbs.dll', 'msfeedssync.exe', 'MSFlacDecoder.dll', 'MSFlacEncoder.dll', 'msftedit.dll', 'MsftOemDllIgneous.dll', 'msg.exe', 'msg711.acm', 'msgsm32.acm', 'MSHEIF.dll', 'mshta.exe', 'mshtml.dll', 'mshtml.tlb', 'MshtmlDac.dll', 'mshtmled.dll', 'mshtmler.dll', 'msi.dll', 'MsiCofire.dll', 'msidcrl40.dll', 'msident.dll', 'msidle.dll', 'msidntld.dll', 'msieftp.dll', 'msiexec.exe', 'msihnd.dll', 'msiltcfg.dll', 'msimg32.dll', 'msimsg.dll', 'msimtf.dll', 'msinfo32.exe', 'msisip.dll', 'msIso.dll', 'msiwer.dll', 'mskeyprotcli.dll', 'mskeyprotect.dll', 'msls31.dll', 'msmpeg2adec.dll', 'MSMPEG2ENC.DLL', 'msmpeg2vdec.dll', 'MSNP.ax', 'msobjs.dll', 'msoert2.dll', 'MSOpusDecoder.dll', 'mspaint.exe', 'mspatcha.dll', 'mspatchc.dll', 'MSPhotography.dll', 'msports.dll', 'msprivs.dll', 'msra.exe', 'msrahc.dll', 'MsraLegacy.tlb', 'msrating.dll', 'MSRAWImage.dll', 'msrdc.dll', 'MsRdpWebAccess.dll', 'msrle32.dll', 'msscntrs.dll', 'mssecuser.dll', 'mssign32.dll', 'mssip32.dll', 'mssitlb.dll', 'MsSpellCheckingFacility.dll', 'MsSpellCheckingHost.exe', 'mssph.dll', 'mssprxy.dll', 'mssrch.dll', 'mssvp.dll', 'mstask.dll', 'msTextPrediction.dll', 'mstsc.exe', 'mstscax.dll', 'msutb.dll', 'msv1_0.dll', 'msvcirt.dll', 'msvcp100.dll', 'msvcp110_win.dll', 'msvcp120.dll', 'msvcp120_clr0400.dll', 'msvcp140.dll', 'msvcp140d.dll', 'msvcp140d_codecvt_ids.dll', 'msvcp140_1.dll', 'msvcp140_1d.dll', 'msvcp140_2.dll', 'msvcp140_2d.dll', 'msvcp140_atomic_wait.dll', 'msvcp140_clr0400.dll', 'msvcp140_codecvt_ids.dll', 'msvcp60.dll', 'msvcp_win.dll', 'msvcr100.dll', 'msvcr100_clr0400.dll', 'msvcr120.dll', 'msvcr120_clr0400.dll', 'msvcrt.dll', 'msvfw32.dll', 'msvidc32.dll', 'MSVidCtl.dll', 'MSVideoDSP.dll', 'MSVP9DEC.dll', 'msvproc.dll', 'MSVPXENC.dll', 'MSWB7.dll', 'MSWebp.dll', 'mswmdm.dll', 'mswsock.dll', 'msxml3.dll', 'msxml3r.dll', 'msxml6.dll', 'msxml6r.dll', 'msyuv.dll', 'MtcModel.dll', 'MTF.dll', 'MTFAppServiceDS.dll', 'MtfDecoder.dll', 'MTFFuzzyDS.dll', 'MTFServer.dll', 'MTFSpellcheckDS.dll', 'mtstocom.exe', 'mtxclu.dll', 'mtxdm.dll', 'mtxex.dll', 'mtxoci.dll', 'MUI', 'muifontsetup.dll', 'MUILanguageCleanup.dll', 'MuiUnattend.exe', 'MultiDigiMon.exe', 'musdialoghandlers.dll', 'MusNotification.exe', 'MusNotificationUx.exe', 'MusNotifyIcon.exe', 'MusUpdateHandlers.dll', 'my-mm', 'mycomput.dll', 'mydocs.dll', 'Mystify.scr', 'NAPCRYPT.DLL', 'NapiNSP.dll', 'Narrator.exe', 'NarratorControlTemplates.xml', 'NaturalAuth.dll', 'NaturalAuthClient.dll', 'NaturalLanguage6.dll', 'navshutdown.dll', 'nb-NO', 'nbtstat.exe', 'NcaApi.dll', 'NcaSvc.dll', 'ncbservice.dll', 'NcdAutoSetup.dll', 'NcdProp.dll', 'nci.dll', 'ncobjapi.dll', 'ncpa.cpl', 'ncrypt.dll', 'ncryptprov.dll', 'ncryptsslp.dll', 'ncsi.dll', 'ncuprov.dll', 'ndadmin.exe', 'nddeapi.dll', 'NDF', 'ndfapi.dll', 'ndfetw.dll', 'NdfEventView.xml', 'ndfhcdiscovery.dll', 'ndishc.dll', 'NDKPing.exe', 'ndproxystub.dll', 'nduprov.dll', 'negoexts.dll', 'net.exe', 'net1.exe', 'netapi32.dll', 'netbios.dll', 'netbtugc.exe', 'NetCellcoreCellManagerProviderResources.dll', 'netcenter.dll', 'netcfg.exe', 'NetCfgNotifyObjectHost.exe', 'netcfgx.dll', 'netcorehc.dll', 'netdiagfx.dll', 'NetDriverInstall.dll', 'netevent.dll', 'NetEvtFwdr.exe', 'netfxperf.dll', 'neth.dll', 'NetHost.exe', 'netid.dll', 'netiohlp.dll', 'netiougc.exe', 'netjoin.dll', 'netlogon.dll', 'netman.dll', 'netmsg.dll', 'netplwiz.dll', 'Netplwiz.exe', 'netprofm.dll', 'netprofmsvc.dll', 'netprovfw.dll', 'netprovisionsp.dll', 'NetSetupApi.dll', 'NetSetupEngine.dll', 'NetSetupMig.log', 'NetSetupShim.dll', 'NetSetupSvc.dll', 'netsh.exe', 'netshell.dll', 'NETSTAT.EXE', 'nettrace.dll', 'NetTrace.PLA.Diagnostics.xml', 'nettraceex.dll', 'netutils.dll', 'NetworkBindingEngineMigPlugin.dll', 'NetworkCollectionAgent.dll', 'NetworkDesktopSettings.dll', 'networkexplorer.dll', 'networkhelper.dll', 'NetworkIcon.dll', 'networkitemfactory.dll', 'networklist', 'NetworkMobileSettings.dll', 'NetworkProxyCsp.dll', 'NetworkQoSPolicyCSP.dll', 'NetworkStatus.dll', 'NetworkUXBroker.dll', 'newdev.dll', 'newdev.exe', 'NFCProvisioningPlugin.dll', 'NfcRadioMedia.dll', 'ngccredprov.dll', 'NgcCtnr.dll', 'NgcCtnrGidsHandler.dll', 'NgcCtnrSvc.dll', 'NgcIso.exe', 'NgcIsoCtnr.dll', 'ngckeyenum.dll', 'ngcksp.dll', 'ngclocal.dll', 'ngcpopkeysrv.dll', 'NgcProCsp.dll', 'ngcrecovery.dll', 'ngcsvc.dll', 'ngctasks.dll', 'ninput.dll', 'nl-NL', 'nlaapi.dll', 'nlahc.dll', 'nlasvc.dll', 'nlhtml.dll', 'nlmgp.dll', 'nlmproxy.dll', 'nlmsprep.dll', 'nlsbres.dll', 'NlsData0000.dll', 'NlsData0009.dll', 'Nlsdl.dll', 'NlsLexicons0009.dll', 'nltest.exe', 'NmaDirect.dll', 'NOISE.DAT', 'normaliz.dll', 'normidna.nls', 'normnfc.nls', 'normnfd.nls', 'normnfkc.nls', 'normnfkd.nls', 'notepad.exe', 'NotificationController.dll', 'NotificationControllerPS.dll', 'notificationplatformcomponent.dll', 'npmproxy.dll', 'NPSM.dll', 'NPSMDesktopProvider.dll', 'nrpsrv.dll', 'nshhttp.dll', 'nshipsec.dll', 'nshwfp.dll', 'nsi.dll', 'nsisvc.dll', 'nslookup.exe', 'ntasn1.dll', 'ntdll.dll', 'ntdsapi.dll', 'ntlanman.dll', 'ntlanui2.dll', 'NtlmShared.dll', 'ntmarta.dll', 'ntoskrnl.exe', 'ntprint.dll', 'ntprint.exe', 'ntshrui.dll', 'ntvdm64.dll', 'Nui', 'objsel.dll', 'occache.dll', 'OcpUpdateAgent.dll', 'ocsetapi.dll', 'odbc32.dll', 'odbcad32.exe', 'odbcbcp.dll', 'odbcconf.dll', 'odbcconf.exe', 'odbcconf.rsp', 'odbccp32.dll', 'odbccr32.dll', 'odbccu32.dll', 'odbcint.dll', 'odbctrac.dll', 'OEMDefaultAssociations.dll', 'OEMDefaultAssociations.xml', 'oemlicense.dll', 'ofdeploy.exe', 'offfilt.dll', 'officecsp.dll', 'offlinelsa.dll', 'offlinesam.dll', 'offreg.dll', 'oflc-nz.rs', 'OkDone_80.contrast-black.png', 'OkDone_80.contrast-white.png', 'OkDone_80.png', 'ole32.dll', 'oleacc.dll', 'oleacchooks.dll', 'oleaccrc.dll', 'oleaut32.dll', 'oledlg.dll', 'oleprn.dll', 'OmaDmAgent.dll', 'omadmapi.dll', 'omadmclient.exe', 'omadmprc.exe', 'OnDemandBrokerClient.dll', 'OnDemandConnRouteHelper.dll', 'OneBackupHandler.dll', 'OneCoreCommonProxyStub.dll', 'OneCoreUAPCommonProxyStub.dll', 'OneDriveSettingSyncProvider.dll', 'OneSettingsClient.dll', 'onex.dll', 'onexui.dll', 'onnxruntime.dll', 'oobe', 'OpcServices.dll', 'OpenCL.dll', 'openfiles.exe', 'opengl32.dll', 'OpenSSH', 'OpenWith.exe', 'OptionalFeatures.exe', 'ortcengine.dll', 'osa-Osge-001', 'osbaseln.dll', 'osk.exe', 'OskSupport.dll', 'osuninst.dll', 'OutdoorAudioEnvironment.bin', 'P2P.dll', 'P2PGraph.dll', 'p2pnetsh.dll', 'p2psvc.dll', 'pacjsworker.exe', 'PackagedCWALauncher.exe', 'PackageInspector.exe', 'packager.dll', 'PackageStateChangeHandler.dll', 'PackageStateRoaming.dll', 'panmap.dll', 'PasswordEnrollmentManager.dll', 'PasswordOnWakeSettingFlyout.exe', 'PATHPING.EXE', 'pautoenr.dll', 'PayloadRestrictions.dll', 'PaymentMediatorServiceProxy.dll', 'pcacli.dll', 'pcadm.dll', 'pcaevts.dll', 'pcalua.exe', 'pcasvc.dll', 'pcaui.dll', 'pcaui.exe', 'pcbp.rs', 'pcl.sep', 'PCPKsp.dll', 'PCShellCommonProxyStub.dll', 'pcsvDevice.dll', 'pcwrun.exe', 'pcwum.dll', 'pcwutl.dll', 'pdh.dll', 'pdhui.dll', 'PeerDist.dll', 'PeerDistAD.dll', 'PeerDistCacheProvider.dll', 'PeerDistCleaner.dll', 'PeerDistHttpTrans.dll', 'PeerDistSh.dll', 'PeerDistSvc.dll', 'PeerDistWSDDiscoProv.dll', 'pegi-pt.rs', 'pegi.rs', 'PeopleAPIs.dll', 'PeopleBand.dll', 'PerceptionDevice.dll', 'PerceptionSimulation', 'PerceptionSimulation.ProxyStubs.dll', 'PerceptionSimulationExtensions.dll', 'PerceptionSimulationManager.dll', 'perfc009.dat', 'perfctrs.dll', 'perfd009.dat', 'perfdisk.dll', 'perfh009.dat', 'perfi009.dat', 'perfmon.exe', 'perfmon.msc', 'perfnet.dll', 'perfos.dll', 'perfproc.dll', 'PerfStringBackup.INI', 'perftrack.dll', 'perfts.dll', 'perf_gputiming.dll', 'PersonalizationCSP.dll', 'phoneactivate.exe', 'PhoneCallHistoryApis.dll', 'PhoneOm.dll', 'PhonePlatformAbstraction.dll', 'PhoneProviders.dll', 'PhoneService.dll', 'PhoneServiceRes.dll', 'PhoneSystemToastIcon.contrast-white.png', 'PhoneSystemToastIcon.png', 'Phoneutil.dll', 'PhoneutilRes.dll', 'PhotoMetadataHandler.dll', 'PhotoScreensaver.scr', 'photowiz.dll', 'PickerHost.exe', 'PickerPlatform.dll', 'pid.dll', 'pidgenx.dll', 'pifmgr.dll', 'PimIndexMaintenance.dll', 'PimIndexMaintenanceClient.dll', 'Pimstore.dll', 'PinEnrollmentBroker.exe', 'PinEnrollmentHelper.dll', 'PING.EXE', 'pkeyhelper.dll', 'PkgMgr.exe', 'PktMon.exe', 'PktMonApi.dll', 'pku2u.dll', 'pl-PL', 'pla.dll', 'plasrv.exe', 'playlistfolder.dll', 'PlaySndSrv.dll', 'PlayToDevice.dll', 'PlayToManager.dll', 'playtomenu.dll', 'PlayToReceiver.dll', 'PlayToStatusProvider.dll', 'ploptin.dll', 'pmcsnap.dll', 'pngfilt.dll', 'pnidui.dll', 'pnpclean.dll', 'pnppolicy.dll', 'pnpts.dll', 'pnpui.dll', 'PnPUnattend.exe', 'pnputil.exe', 'PNPXAssoc.dll', 'PNPXAssocPrx.dll', 'pnrpauto.dll', 'Pnrphc.dll', 'pnrpnsp.dll', 'pnrpsvc.dll', 'PointOfService', 'policymanager.dll', 'policymanagerprecheck.dll', 'polstore.dll', 'poqexec.exe', 'PortableDeviceApi.dll', 'PortableDeviceClassExtension.dll', 'PortableDeviceConnectApi.dll', 'PortableDeviceStatus.dll', 'PortableDeviceSyncProvider.dll', 'PortableDeviceTypes.dll', 'PortableDeviceWiaCompat.dll', 'posetup.dll', 'pospaymentsworker.exe', 'POSyncServices.dll', 'pots.dll', 'powercfg.cpl', 'powercfg.exe', 'powercpl.dll', 'powrprof.dll', 'ppcsnap.dll', 'prauthproviders.dll', 'PresentationHost.exe', 'PresentationHostProxy.dll', 'PresentationSettings.exe', 'prevhost.exe', 'prflbmsg.dll', 'print.exe', 'Print.Workflow.Source.dll', 'PrintBrmUi.exe', 'printfilterpipelineprxy.dll', 'printfilterpipelinesvc.exe', 'Printing_Admin_Scripts', 'PrintIsolationHost.exe', 'PrintIsolationProxy.dll', 'printmanagement.msc', 'PrintPlatformConfig.dll', 'PrintRenderAPIHost.DLL', 'printui.dll', 'printui.exe', 'PrintWorkflowProxy.dll', 'PrintWorkflowService.dll', 'PrintWSDAHost.dll', 'prm0009.dll', 'prncache.dll', 'prnfldr.dll', 'prnntfy.dll', 'prntvpt.dll', 'ProductEnumerator.dll', 'profapi.dll', 'profext.dll', 'profprov.dll', 'profsvc.dll', 'profsvcext.dll', 'propsys.dll', 'proquota.exe', 'provcore.dll', 'provdatastore.dll', 'provdiagnostics.dll', 'provengine.dll', 'provhandlers.dll', 'provisioningcommandscsp.dll', 'provisioningcsp.dll', 'ProvisioningHandlers.dll', 'provlaunch.exe', 'provmigrate.dll', 'provops.dll', 'provpackageapidll.dll', 'provplatformdesktop.dll', 'ProvPluginEng.dll', 'provsvc.dll', 'ProvSysprep.dll', 'provthrd.dll', 'provtool.exe', 'ProximityCommon.dll', 'ProximityCommonPal.dll', 'ProximityRtapiPal.dll', 'ProximityService.dll', 'ProximityServicePal.dll', 'ProximityToast', 'ProximityUxHost.exe', 'prproc.exe', 'prvdmofcomp.dll', 'psapi.dll', 'pscript.sep', 'PSHED.DLL', 'psisdecd.dll', 'psisrndr.ax', 'PSModuleDiscoveryProvider.dll', 'psmodulediscoveryprovider.mof', 'PsmServiceExtHost.dll', 'psmsrv.dll', 'psr.exe', 'pstask.dll', 'pstorec.dll', 'pt-BR', 'pt-PT', 'ptpprov.dll', 'puiapi.dll', 'puiobj.dll', 'PushToInstall.dll', 'pwlauncher.dll', 'pwlauncher.exe', 'pwrshplugin.dll', 'pwsso.dll', 'qappsrv.exe', 'qasf.dll', 'qcap.dll', 'qdv.dll', 'qdvd.dll', 'qedit.dll', 'qedwipes.dll', 'qmgr.dll', 'qprocess.exe', 'QualityUpdateAssistant.dll', 'quartz.dll', 'Query.dll', 'query.exe', 'QuickActionsDataModel.dll', 'quickassist.exe', 'QuietHours.dll', 'quser.exe', 'qwave.dll', 'qwinsta.exe', 'RacEngn.dll', 'racpldlg.dll', 'radardt.dll', 'radarrs.dll', 'RADCUI.dll', 'Rapidfire64.dll', 'RapidFireServer64.dll', 'ras', 'rasadhlp.dll', 'rasapi32.dll', 'rasauto.dll', 'rasautou.exe', 'raschap.dll', 'raschapext.dll', 'rasctrnm.h', 'rasctrs.dll', 'rascustom.dll', 'rasdiag.dll', 'rasdial.exe', 'rasdlg.dll', 'raserver.exe', 'rasgcw.dll', 'rasman.dll', 'rasmans.dll', 'rasmbmgr.dll', 'RasMediaManager.dll', 'RASMM.dll', 'rasmontr.dll', 'rasphone.exe', 'rasplap.dll', 'rasppp.dll', 'rastapi.dll', 'rastls.dll', 'rastlsext.dll', 'RasToast', 'rdbui.dll', 'rdpbase.dll', 'rdpcfgex.dll', 'rdpclip.exe', 'rdpcore.dll', 'rdpcorets.dll', 'rdpencom.dll', 'rdpendp.dll', 'rdpinit.exe', 'rdpinput.exe', 'rdpnano.dll', 'RdpRelayTransport.dll', 'RdpSa.exe', 'RdpSaProxy.exe', 'RdpSaPs.dll', 'RdpSaUacHelper.exe', 'rdpserverbase.dll', 'rdpsharercom.dll', 'rdpshell.exe', 'rdpsign.exe', 'rdpudd.dll', 'rdpviewerax.dll', 'rdrleakdiag.exe', 'RDSAppXHelper.dll', 'rdsdwmdr.dll', 'rdsxvmaudio.dll', 'rdvvmtransport.dll', 'RDXService.dll', 'RDXTaskFactory.dll', 'ReAgent.dll', 'ReAgentc.exe', 'ReAgentTask.dll', 'recdisc.exe', 'recover.exe', 'Recovery', 'recovery.dll', 'RecoveryDrive.exe', 'refsutil.exe', 'reg.exe', 'regapi.dll', 'RegCtrl.dll', 'regedt32.exe', 'regidle.dll', 'regini.exe', 'Register-CimProvider.exe', 'regsvc.dll', 'regsvr32.exe', 'reguwpapi.dll', 'ReInfo.dll', 'rekeywiz.exe', 'relog.exe', 'RelPost.exe', 'RemoteAppLifetimeManager.exe', 'RemoteAppLifetimeManagerProxyStub.dll', 'remoteaudioendpoint.dll', 'remotepg.dll', 'RemotePosWorker.exe', 'remotesp.tsp', 'RemoteSystemToastIcon.contrast-white.png', 'RemoteSystemToastIcon.png', 'RemoteWipeCSP.dll', 'RemovableMediaProvisioningPlugin.dll', 'RemoveDeviceContextHandler.dll', 'RemoveDeviceElevated.dll', 'rendezvousSession.tlb', 'repair-bde.exe', 'replace.exe', 'ReportingCSP.dll', 'RESAMPLEDMO.DLL', 'ResBParser.dll', 'reset.exe', 'reseteng.dll', 'ResetEngine.dll', 'ResetEngine.exe', 'ResetEngOnline.dll', 'resmon.exe', 'ResourceMapper.dll', 'ResourcePolicyClient.dll', 'ResourcePolicyServer.dll', 'ResPriHMImageList', 'ResPriHMImageListLowCost', 'ResPriImageList', 'ResPriImageListLowCost', 'RestartManager.mof', 'RestartManagerUninstall.mof', 'RestartNowPower_80.contrast-black.png', 'RestartNowPower_80.contrast-white.png', 'RestartNowPower_80.png', 'RestartTonight_80.png', 'RestartTonight_80_contrast-black.png', 'RestartTonight_80_contrast-white.png', 'restore', 'resutils.dll', 'rgb9rast.dll', 'Ribbons.scr', 'riched20.dll', 'riched32.dll', 'rilproxy.dll', 'RjvMDMConfig.dll', 'RltkAPOU64.dll', 'RMActivate.exe', 'RMActivate_isv.exe', 'RMActivate_ssp.exe', 'RMActivate_ssp_isv.exe', 'RMapi.dll', 'rmclient.dll', 'RmClient.exe', 'RMSRoamingSecurity.dll', 'rmttpmvscmgrsvr.exe', 'rnr20.dll', 'ro-RO', 'RoamingSecurity.dll', 'Robocopy.exe', 'rometadata.dll', 'RotMgr.dll', 'ROUTE.EXE', 'RpcEpMap.dll', 'rpchttp.dll', 'RpcNs4.dll', 'rpcnsh.dll', 'RpcPing.exe', 'rpcrt4.dll', 'RpcRtRemote.dll', 'rpcss.dll', 'rrinstaller.exe', 'rsaenh.dll', 'rshx32.dll', 'rsop.msc', 'RstrtMgr.dll', 'rstrui.exe', 'RtCOM64.dll', 'RtDataProc64.dll', 'rtffilt.dll', 'RtkApi64U.dll', 'RtkAudUService64.exe', 'RtkCfg64.dll', 'rtm.dll', 'rtmcodecs.dll', 'RTMediaFrame.dll', 'rtmmvrortc.dll', 'rtmpal.dll', 'rtmpltfm.dll', 'rtutils.dll', 'RTWorkQ.dll', 'ru-RU', 'RuleBasedDS.dll', 'runas.exe', 'rundll32.exe', 'runexehelper.exe', 'RunLegacyCPLElevated.exe', 'runonce.exe', 'RuntimeBroker.exe', 'rwinsta.exe', 'samcli.dll', 'samlib.dll', 'samsrv.dll', 'samu_krnl_ci.sbin', 'samu_krnl_isv_ci.sbin', 'sas.dll', 'sbe.dll', 'sbeio.dll', 'sberes.dll', 'sbservicetrigger.dll', 'sc.exe', 'scansetting.dll', 'SCardBi.dll', 'SCardDlg.dll', 'SCardSvr.dll', 'ScavengeSpace.xml', 'scavengeui.dll', 'ScDeviceEnum.dll', 'scecli.dll', 'scesrv.dll', 'schannel.dll', 'schedcli.dll', 'schedsvc.dll', 'ScheduleTime_80.contrast-black.png', 'ScheduleTime_80.contrast-white.png', 'ScheduleTime_80.png', 'schtasks.exe', 'scksp.dll', 'scripto.dll', 'ScriptRunner.exe', 'scrnsave.scr', 'scrobj.dll', 'scrptadm.dll', 'scrrun.dll', 'sdbinst.exe', 'sdchange.exe', 'sdclt.exe', 'sdcpl.dll', 'SDDS.dll', 'sdengin2.dll', 'SDFHost.dll', 'sdhcinst.dll', 'sdiageng.dll', 'sdiagnhost.exe', 'sdiagprv.dll', 'sdiagschd.dll', 'sdohlp.dll', 'sdrsvc.dll', 'sdshext.dll', 'Search.ProtocolHandler.MAPI2.dll', 'SearchFilterHost.exe', 'SearchFolder.dll', 'SearchIndexer.exe', 'SearchProtocolHost.exe', 'SebBackgroundManagerPolicy.dll', 'SecConfig.efi', 'SecEdit.exe', 'sechost.dll', 'secinit.exe', 'seclogon.dll', 'secpol.msc', 'secproc.dll', 'secproc_isv.dll', 'secproc_ssp.dll', 'secproc_ssp_isv.dll', 'secur32.dll', 'SecureAssessmentHandlers.dll', 'SecureBioSysprep.dll', 'SecureBootUpdates', 'securekernel.exe', 'SecureTimeAggregator.dll', 'security.dll', 'SecurityAndMaintenance.png', 'SecurityAndMaintenance_Alert.png', 'SecurityAndMaintenance_Error.png', 'SecurityCenterBroker.dll', 'SecurityCenterBrokerPS.dll', 'SecurityHealthAgent.dll', 'SecurityHealthHost.exe', 'SecurityHealthProxyStub.dll', 'SecurityHealthService.exe', 'SecurityHealthSSO.dll', 'SecurityHealthSystray.exe', 'sedplugins.dll', 'SEMgrPS.dll', 'SEMgrSvc.dll', 'sendmail.dll', 'Sens.dll', 'SensApi.dll', 'SensorDataService.exe', 'SensorPerformanceEvents.dll', 'SensorsApi.dll', 'SensorsClassExtension.dll', 'SensorsCpl.dll', 'SensorService.dll', 'SensorsNativeApi.dll', 'SensorsNativeApi.V2.dll', 'SensorsUtilsV2.dll', 'sensrsvc.dll', 'serialui.dll', 'services.exe', 'services.msc', 'ServicingUAPI.dll', 'serwvdrv.dll', 'SessEnv.dll', 'sessionmsg.exe', 'setbcdlocale.dll', 'sethc.exe', 'SetNetworkLocation.dll', 'SetNetworkLocationFlyout.dll', 'SetProxyCredential.dll', 'setspn.exe', 'SettingMonitor.dll', 'settings.dat', 'SettingsEnvironment.Desktop.dll', 'SettingsExtensibilityHandlers.dll', 'SettingsHandlers_Accessibility.dll', 'SettingsHandlers_AnalogShell.dll', 'SettingsHandlers_AppControl.dll', 'SettingsHandlers_AppExecutionAlias.dll', 'SettingsHandlers_AssignedAccess.dll', 'SettingsHandlers_Authentication.dll', 'SettingsHandlers_BackgroundApps.dll', 'SettingsHandlers_BatteryUsage.dll', 'SettingsHandlers_BrowserDeclutter.dll', 'SettingsHandlers_CapabilityAccess.dll', 'SettingsHandlers_Clipboard.dll', 'SettingsHandlers_ClosedCaptioning.dll', 'SettingsHandlers_ContentDeliveryManager.dll', 'SettingsHandlers_Cortana.dll', 'SettingsHandlers_Devices.dll', 'SettingsHandlers_Display.dll', 'SettingsHandlers_Flights.dll', 'SettingsHandlers_Fonts.dll', 'SettingsHandlers_ForceSync.dll', 'SettingsHandlers_Gaming.dll', 'SettingsHandlers_Geolocation.dll', 'SettingsHandlers_Gpu.dll', 'SettingsHandlers_HoloLens_Environment.dll', 'SettingsHandlers_IME.dll', 'SettingsHandlers_InkingTypingPrivacy.dll', 'SettingsHandlers_InputPersonalization.dll', 'SettingsHandlers_Language.dll', 'SettingsHandlers_ManagePhone.dll', 'SettingsHandlers_Maps.dll', 'SettingsHandlers_Mouse.dll', 'SettingsHandlers_Notifications.dll', 'SettingsHandlers_nt.dll', 'SettingsHandlers_OneCore_BatterySaver.dll', 'SettingsHandlers_OneCore_PowerAndSleep.dll', 'SettingsHandlers_OneDriveBackup.dll', 'SettingsHandlers_OptionalFeatures.dll', 'SettingsHandlers_PCDisplay.dll', 'SettingsHandlers_Pen.dll', 'SettingsHandlers_QuickActions.dll', 'SettingsHandlers_Region.dll', 'SettingsHandlers_SharedExperiences_Rome.dll', 'SettingsHandlers_SIUF.dll', 'SettingsHandlers_SpeechPrivacy.dll', 'SettingsHandlers_Startup.dll', 'SettingsHandlers_StorageSense.dll', 'SettingsHandlers_Troubleshoot.dll', 'SettingsHandlers_User.dll', 'SettingsHandlers_UserAccount.dll', 'SettingsHandlers_UserExperience.dll', 'SettingsHandlers_WorkAccess.dll', 'SettingSync.dll', 'SettingSyncCore.dll', 'SettingSyncHost.exe', 'setup', 'setupapi.dll', 'setupcl.dll', 'setupcl.exe', 'setupcln.dll', 'setupetw.dll', 'setupugc.exe', 'setx.exe', 'sfc.dll', 'sfc.exe', 'sfc_os.dll', 'Sgrm', 'SgrmBroker.exe', 'SgrmEnclave.dll', 'SgrmEnclave_secure.dll', 'SgrmLpac.exe', 'shacct.dll', 'shacctprofile.dll', 'SharedPCCSP.dll', 'SharedRealitySvc.dll', 'ShareHost.dll', 'sharemediacpl.dll', 'SHCore.dll', 'shdocvw.dll', 'shell32.dll', 'ShellCommonCommonProxyStub.dll', 'ShellExperiences', 'shellstyle.dll', 'shfolder.dll', 'shgina.dll', 'ShiftJIS.uce', 'shimeng.dll', 'shimgvw.dll', 'shlwapi.dll', 'shpafact.dll', 'shrpubw.exe', 'shsetup.dll', 'shsvcs.dll', 'shunimpl.dll', 'shutdown.exe', 'shutdownext.dll', 'shutdownux.dll', 'shwebsvc.dll', 'si-lk', 'signdrv.dll', 'sigverif.exe', 'SIHClient.exe', 'sihost.exe', 'SimAuth.dll', 'SimCfg.dll', 'simpdata.tlb', 'sk-SK', 'skci.dll', 'sl-SI', 'slc.dll', 'slcext.dll', 'SleepStudy', 'SlideToShutDown.exe', 'slmgr', 'slmgr.vbs', 'slui.exe', 'slwga.dll', 'SmallRoom.bin', 'SmartCardBackgroundPolicy.dll', 'SmartcardCredentialProvider.dll', 'SmartCardSimulator.dll', 'smartscreen.exe', 'smartscreenps.dll', 'SMBHelperClass.dll', 'smbwmiv2.dll', 'SMI', 'SmiEngine.dll', 'smphost.dll', 'SmsRouterSvc.dll', 'smss.exe', 'SndVol.exe', 'SndVolSSO.dll', 'SnippingTool.exe', 'snmpapi.dll', 'snmptrap.exe', 'Snooze_80.contrast-black.png', 'Snooze_80.contrast-white.png', 'Snooze_80.png', 'socialapis.dll', 'softkbd.dll', 'softpub.dll', 'sort.exe', 'SortServer2003Compat.dll', 'SortWindows61.dll', 'SortWindows62.dll', 'SortWindows6Compat.dll', 'SpaceAgent.exe', 'spacebridge.dll', 'SpaceControl.dll', 'spaceman.exe', 'SpatialAudioLicenseSrv.exe', 'SpatializerApo.dll', 'SpatialStore.dll', 'spbcd.dll', 'SpeakersSystemToastIcon.contrast-white.png', 'SpeakersSystemToastIcon.png', 'Spectrum.exe', 'SpectrumSyncClient.dll', 'Speech', 'SpeechPal.dll', 'Speech_OneCore', 'spfileq.dll', 'spinf.dll', 'spmpm.dll', 'spnet.dll', 'spool', 'spoolss.dll', 'spoolsv.exe', 'spopk.dll', 'spp', 'spp.dll', 'sppc.dll', 'sppcext.dll', 'sppcomapi.dll', 'sppcommdlg.dll', 'SppExtComObj.Exe', 'sppinst.dll', 'sppnp.dll', 'sppobjs.dll', 'sppsvc.exe', 'sppui', 'sppwinob.dll', 'sppwmi.dll', 'spwinsat.dll', 'spwizeng.dll', 'spwizimg.dll', 'spwizres.dll', 'spwmp.dll', 'SqlServerSpatial150.dll', 'sqlsrv32.dll', 'sqlsrv32.rll', 'sqmapi.dll', 'sr-Latn-RS', 'srchadmin.dll', 'srclient.dll', 'srcore.dll', 'srdelayed.exe', 'SrEvents.dll', 'SRH.dll', 'srhelper.dll', 'srm.dll', 'srmclient.dll', 'srmlib.dll', 'srms-apr-v.dat', 'srms-apr.dat', 'srms.dat', 'srmscan.dll', 'srmshell.dll', 'srmstormod.dll', 'srmtrace.dll', 'srm_ps.dll', 'srpapi.dll', 'SrpUxNativeSnapIn.dll', 'srrstr.dll', 'SrTasks.exe', 'sru', 'srumapi.dll', 'srumsvc.dll', 'srvcli.dll', 'srvsvc.dll', 'srwmi.dll', 'sscore.dll', 'sscoreext.dll', 'ssdm.dll', 'ssdpapi.dll', 'ssdpsrv.dll', 'sspicli.dll', 'sspisrv.dll', 'SSShim.dll', 'ssText3d.scr', 'sstpsvc.dll', 'StartTileData.dll', 'Startupscan.dll', 'StateRepository.Core.dll', 'stclient.dll', 'stdole2.tlb', 'stdole32.tlb', 'sti.dll', 'sti_ci.dll', 'stobject.dll', 'StorageContextHandler.dll', 'StorageUsage.dll', 'storagewmi.dll', 'storagewmi_passthru.dll', 'stordiag.exe', 'storewuauth.dll', 'Storprop.dll', 'StorSvc.dll', 'streamci.dll', 'StringFeedbackEngine.dll', 'StructuredQuery.dll', 'SubRange.uce', 'subst.exe', 'sud.dll', 'sv-SE', 'SvBannerBackground.png', 'svchost.exe', 'svf.dll', 'svsvc.dll', 'SwitcherDataModel.dll', 'swprv.dll', 'sxproxy.dll', 'sxs.dll', 'sxshared.dll', 'sxssrv.dll', 'sxsstore.dll', 'sxstrace.exe', 'SyncAppvPublishingServer.exe', 'SyncAppvPublishingServer.vbs', 'SyncCenter.dll', 'SyncController.dll', 'SyncHost.exe', 'SyncHostps.dll', 'SyncInfrastructure.dll', 'SyncInfrastructureps.dll', 'SyncProxy.dll', 'Syncreg.dll', 'SyncRes.dll', 'SyncSettings.dll', 'syncutil.dll', 'sysclass.dll', 'sysdm.cpl', 'SysFxUI.dll', 'sysmain.dll', 'sysmon.ocx', 'sysntfy.dll', 'Sysprep', 'sysprint.sep', 'sysprtj.sep', 'SysResetErr.exe', 'syssetup.dll', 'systemcpl.dll', 'SystemEventsBrokerClient.dll', 'SystemEventsBrokerServer.dll', 'systeminfo.exe', 'SystemPropertiesAdvanced.exe', 'SystemPropertiesComputerName.exe', 'SystemPropertiesDataExecutionPrevention.exe', 'SystemPropertiesHardware.exe', 'SystemPropertiesPerformance.exe', 'SystemPropertiesProtection.exe', 'SystemPropertiesRemote.exe', 'systemreset.exe', 'SystemResetPlatform', 'SystemSettings.DataModel.dll', 'SystemSettings.DeviceEncryptionHandlers.dll', 'SystemSettings.Handlers.dll', 'SystemSettings.SettingsExtensibility.dll', 'SystemSettings.UserAccountsHandlers.dll', 'SystemSettingsAdminFlows.exe', 'SystemSettingsBroker.exe', 'SystemSettingsRemoveDevice.exe', 'SystemSettingsThresholdAdminFlowUI.dll', 'SystemSupportInfo.dll', 'SystemUWPLauncher.exe', 'systray.exe', 't2embed.dll', 'ta-in', 'ta-lk', 'Tabbtn.dll', 'TabbtnEx.dll', 'tabcal.exe', 'TabletPC.cpl', 'TabSvc.dll', 'takeown.exe', 'tapi3.dll', 'tapi32.dll', 'tapilua.dll', 'TapiMigPlugin.dll', 'tapiperf.dll', 'tapisrv.dll', 'TapiSysprep.dll', 'tapiui.dll', 'TapiUnattend.exe', 'tar.exe', 'TaskApis.dll', 'taskbarcpl.dll', 'taskcomp.dll', 'TaskFlowDataEngine.dll', 'taskhostw.exe', 'taskkill.exe', 'tasklist.exe', 'Taskmgr.exe', 'Tasks', 'taskschd.dll', 'taskschd.msc', 'TaskSchdPS.dll', 'Tasks_Migrated', 'tbauth.dll', 'tbs.dll', 'tcblaunch.exe', 'tcbloader.dll', 'tcmsetup.exe', 'tcpbidi.xml', 'tcpipcfg.dll', 'tcpmib.dll', 'tcpmon.dll', 'tcpmon.ini', 'tcpmonui.dll', 'TCPSVCS.EXE', 'tdc.ocx', 'tdh.dll', 'TDLMigration.dll', 'telephon.cpl', 'TelephonyInteractiveUser.dll', 'TelephonyInteractiveUserRes.dll', 'tellib.dll', 'TempSignedLicenseExchangeTask.dll', 'termmgr.dll', 'termsrv.dll', 'tetheringclient.dll', 'tetheringconfigsp.dll', 'TetheringIeProvider.dll', 'TetheringMgr.dll', 'tetheringservice.dll', 'TetheringStation.dll', 'TextInputFramework.dll', 'TextInputMethodFormatter.dll', 'TextShaping.dll', 'th-TH', 'themecpl.dll', 'themeservice.dll', 'themeui.dll', 'ThirdPartyNoticesBySHS.txt', 'threadpoolwinrt.dll', 'thumbcache.dll', 'ThumbnailExtractionHost.exe', 'ti-et', 'tier2punctuations.dll', 'TieringEngineProxy.dll', 'TieringEngineService.exe', 'TileDataRepository.dll', 'TimeBrokerClient.dll', 'TimeBrokerServer.dll', 'timedate.cpl', 'TimeDateMUICallback.dll', 'timeout.exe', 'timesync.dll', 'TimeSyncTask.dll', 'tlscsp.dll', 'tokenbinding.dll', 'TokenBroker.dll', 'TokenBrokerCookies.exe', 'TokenBrokerUI.dll', 'tpm.msc', 'TpmCertResources.dll', 'tpmcompc.dll', 'TpmCoreProvisioning.dll', 'TpmInit.exe', 'TpmTasks.dll', 'TpmTool.exe', 'tpmvsc.dll', 'tpmvscmgr.exe', 'tpmvscmgrsvr.exe', 'tquery.dll', 'tr-TR', 'tracerpt.exe', 'TRACERT.EXE', 'traffic.dll', 'TransformPPSToWlan.xslt', 'TransformPPSToWlanCredentials.xslt', 'TransliterationRanker.dll', 'TransportDSA.dll', 'tree.com', 'trie.dll', 'trkwks.dll', 'TrustedSignalCredProv.dll', 'tsbyuv.dll', 'tscfgwmi.dll', 'tscon.exe', 'tsdiscon.exe', 'TSErrRedir.dll', 'tsf3gip.dll', 'tsgqec.dll', 'tskill.exe', 'tsmf.dll', 'TSpkg.dll', 'tspubwmi.dll', 'TSSessionUX.dll', 'tssrvlic.dll', 'TSTheme.exe', 'TsUsbGDCoInstaller.dll', 'TsUsbRedirectionGroupPolicyExtension.dll', 'TSWbPrxy.exe', 'TSWorkspace.dll', 'ttdinject.exe', 'ttdloader.dll', 'ttdplm.dll', 'ttdrecord.dll', 'ttdrecordcpu.dll', 'ttdwriter.dll', 'TtlsAuth.dll', 'TtlsCfg.dll', 'TtlsExt.dll', 'tttracer.exe', 'tvratings.dll', 'twext.dll', 'twinapi.appcore.dll', 'twinapi.dll', 'twinui.appcore.dll', 'twinui.dll', 'twinui.pcshell.dll', 'txflog.dll', 'txfw32.dll', 'typeperf.exe', 'tzautoupdate.dll', 'tzres.dll', 'tzsync.exe', 'tzsyncres.dll', 'tzutil.exe', 'ubpm.dll', 'ucmhc.dll', 'ucrtbase.dll', 'ucrtbased.dll', 'ucrtbase_clr0400.dll', 'ucrtbase_enclave.dll', 'ucsvc.exe', 'udhisapi.dll', 'uDWM.dll', 'UefiCsp.dll', 'UevAgentPolicyGenerator.exe', 'UevAppMonitor.exe', 'UevAppMonitor.exe.config', 'UevCustomActionTypes.tlb', 'UevTemplateBaselineGenerator.exe', 'UevTemplateConfigItemGenerator.exe', 'uexfat.dll', 'ufat.dll', 'UiaManager.dll', 'UIAnimation.dll', 'UIAutomationCore.dll', 'uicom.dll', 'UIManagerBrokerps.dll', 'UIMgrBroker.exe', 'uireng.dll', 'UIRibbon.dll', 'UIRibbonRes.dll', 'uk-UA', 'ulib.dll', 'umb.dll', 'umdmxfrm.dll', 'umpdc.dll', 'umpnpmgr.dll', 'umpo-overrides.dll', 'umpo.dll', 'umpoext.dll', 'umpowmi.dll', 'umrdp.dll', 'unattend.dll', 'unenrollhook.dll', 'unimdm.tsp', 'unimdmat.dll', 'uniplat.dll', 'Unistore.dll', 'unlodctr.exe', 'UNP', 'unregmp2.exe', 'untfs.dll', 'UpdateAgent.dll', 'updatecsp.dll', 'UpdateDeploymentProvider.dll', 'UpdateHeartbeat.dll', 'updatepolicy.dll', 'upfc.exe', 'UpgradeResultsUI.exe', 'upnp.dll', 'upnpcont.exe', 'upnphost.dll', 'upshared.dll', 'uReFS.dll', 'uReFSv1.dll', 'ureg.dll', 'url.dll', 'urlmon.dll', 'UsbCApi.dll', 'usbceip.dll', 'usbmon.dll', 'usbperf.dll', 'UsbPmApi.dll', 'UsbSettingsHandlers.dll', 'UsbTask.dll', 'usbui.dll', 'user32.dll', 'UserAccountBroker.exe', 'UserAccountControlSettings.dll', 'UserAccountControlSettings.exe', 'useractivitybroker.dll', 'usercpl.dll', 'UserDataAccessRes.dll', 'UserDataAccountApis.dll', 'UserDataLanguageUtil.dll', 'UserDataPlatformHelperUtil.dll', 'UserDataService.dll', 'UserDataTimeUtil.dll', 'UserDataTypeHelperUtil.dll', 'UserDeviceRegistration.dll', 'UserDeviceRegistration.Ngc.dll', 'userenv.dll', 'userinit.exe', 'userinitext.dll', 'UserLanguageProfileCallback.dll', 'usermgr.dll', 'usermgrcli.dll', 'UserMgrProxy.dll', 'usk.rs', 'usoapi.dll', 'UsoClient.exe', 'usocoreps.dll', 'usocoreworker.exe', 'usosvc.dll', 'usp10.dll', 'ustprov.dll', 'UtcDecoderHost.exe', 'UtcManaged.dll', 'utcutil.dll', 'utildll.dll', 'Utilman.exe', 'uudf.dll', 'UvcModel.dll', 'uwfcfgmgmt.dll', 'uwfcsp.dll', 'uwfservicingapi.dll', 'UXInit.dll', 'uxlib.dll', 'uxlibres.dll', 'uxtheme.dll', 'vac.dll', 'VAN.dll', 'Vault.dll', 'VaultCDS.dll', 'vaultcli.dll', 'VaultCmd.exe', 'VaultRoaming.dll', 'vaultsvc.dll', 'VBICodec.ax', 'vbisurf.ax', 'vbsapi.dll', 'vbscript.dll', 'vbssysprep.dll', 'vcamp140.dll', 'vcamp140d.dll', 'VCardParser.dll', 'vccorlib120.dll', 'vccorlib140.dll', 'vccorlib140d.dll', 'vcomp100.dll', 'vcomp140.dll', 'vcomp140d.dll', 'vcruntime140.dll', 'vcruntime140d.dll', 'vcruntime140_1.dll', 'vcruntime140_1d.dll', 'vcruntime140_clr0400.dll', 'vds.exe', 'vdsbas.dll', 'vdsdyn.dll', 'vdsldr.exe', 'vdsutil.dll', 'vdsvd.dll', 'vds_ps.dll', 'verclsid.exe', 'verifier.dll', 'verifier.exe', 'verifiergui.exe', 'version.dll', 'vertdll.dll', 'Vestris.ResourceLib.dll', 'vfbasics.dll', 'vfcompat.dll', 'vfcuzz.dll', 'vfluapriv.dll', 'vfnet.dll', 'vfntlmless.dll', 'vfnws.dll', 'vfprint.dll', 'vfprintpthelper.dll', 'vfrdvcompat.dll', 'vfuprov.dll', 'vfwwdm32.dll', 'VhfUm.dll', 'vid.dll', 'vidcap.ax', 'VideoHandlers.dll', 'VIDRESZR.DLL', 'virtdisk.dll', 'VirtualMonitorManager.dll', 'VmApplicationHealthMonitorProxy.dll', 'vmbuspipe.dll', 'vmdevicehost.dll', 'vmictimeprovider.dll', 'vmrdvcore.dll', 'VocabRoamingHandler.dll', 'VoiceActivationManager.dll', 'VoipRT.dll', 'vpnike.dll', 'vpnikeapi.dll', 'VpnSohDesktop.dll', 'VPNv2CSP.dll', 'vrfcore.dll', 'VscMgrPS.dll', 'vscover160.dll', 'VSD3DWARPDebug.dll', 'VsGraphicsCapture.dll', 'VsGraphicsDesktopEngine.exe', 'VsGraphicsExperiment.dll', 'VsGraphicsProxyStub.dll', 'VsGraphicsRemoteEngine.exe', 'VSPerf160.dll', 'vssadmin.exe', 'vssapi.dll', 'vsstrace.dll', 'VSSVC.exe', 'vss_ps.dll', 'vulkan-1-999-0-0-0.dll', 'vulkan-1.dll', 'vulkaninfo-1-999-0-0-0.exe', 'vulkaninfo.exe', 'w32time.dll', 'w32tm.exe', 'w32topl.dll', 'WaaSAssessment.dll', 'WaaSMedicAgent.exe', 'WaaSMedicCapsule.dll', 'WaaSMedicPS.dll', 'WaaSMedicSvc.dll', 'WABSyncProvider.dll', 'waitfor.exe', 'WalletBackgroundServiceProxy.dll', 'WalletProxy.dll', 'WalletService.dll', 'WallpaperHost.exe', 'wavemsp.dll', 'wbadmin.exe', 'wbem', 'wbemcomn.dll', 'wbengine.exe', 'wbiosrvc.dll', 'wci.dll', 'wcimage.dll', 'wcmapi.dll', 'wcmcsp.dll', 'wcmsvc.dll', 'WCN', 'WcnApi.dll', 'wcncsvc.dll', 'WcnEapAuthProxy.dll', 'WcnEapPeerProxy.dll', 'WcnNetsh.dll', 'wcnwiz.dll', 'wc_storage.dll', 'wdc.dll', 'WDI', 'wdi.dll', 'wdigest.dll', 'wdmaud.drv', 'wdscore.dll', 'WdsUnattendTemplate.xml', 'WEB.rs', 'webauthn.dll', 'WebcamUi.dll', 'webcheck.dll', 'WebClnt.dll', 'webio.dll', 'webplatstorageserver.dll', 'WebRuntimeManager.dll', 'webservices.dll', 'Websocket.dll', 'wecapi.dll', 'wecsvc.dll', 'wecutil.exe', 'wephostsvc.dll', 'wer.dll', 'werconcpl.dll', 'wercplsupport.dll', 'werdiagcontroller.dll', 'WerEnc.dll', 'weretw.dll', 'WerFault.exe', 'WerFaultSecure.exe', 'wermgr.exe', 'wersvc.dll', 'werui.dll', 'wevtapi.dll', 'wevtfwd.dll', 'wevtsvc.dll', 'wevtutil.exe', 'wextract.exe', 'WF.msc', 'wfapigp.dll', 'wfdprov.dll', 'WFDSConMgr.dll', 'WFDSConMgrSvc.dll', 'WfHC.dll', 'WFS.exe', 'WFSR.dll', 'whealogr.dll', 'where.exe', 'whhelper.dll', 'whoami.exe', 'wiaacmgr.exe', 'wiaaut.dll', 'wiadefui.dll', 'wiadss.dll', 'WiaExtensionHost64.dll', 'wiarpc.dll', 'wiascanprofiles.dll', 'wiaservc.dll', 'wiashext.dll', 'wiatrace.dll', 'wiawow64.exe', 'WiFiCloudStore.dll', 'WiFiConfigSP.dll', 'wifidatacapabilityhandler.dll', 'WiFiDisplay.dll', 'wifinetworkmanager.dll', 'wifitask.exe', 'WimBootCompress.ini', 'wimgapi.dll', 'wimserv.exe', 'win32appinventorycsp.dll', 'Win32AppSettingsProvider.dll', 'Win32CompatibilityAppraiserCSP.dll', 'win32k.sys', 'win32kbase.sys', 'win32kfull.sys', 'win32kns.sys', 'win32spl.dll', 'win32u.dll', 'Win32_DeviceGuard.dll', 'winbio.dll', 'WinBioDatabase', 'WinBioDataModel.dll', 'WinBioDataModelOOBE.exe', 'winbioext.dll', 'WinBioPlugIns', 'winbrand.dll', 'wincorlib.dll', 'wincredprovider.dll', 'wincredui.dll', 'WindowManagement.dll', 'WindowManagementAPI.dll', 'Windows.AccountsControl.dll', 'Windows.AI.MachineLearning.dll', 'Windows.AI.MachineLearning.Preview.dll', 'Windows.ApplicationModel.Background.SystemEventsBroker.dll', 'Windows.ApplicationModel.Background.TimeBroker.dll', 'Windows.ApplicationModel.ConversationalAgent.dll', 'windows.applicationmodel.conversationalagent.internal.proxystub.dll', 'windows.applicationmodel.conversationalagent.proxystub.dll', 'Windows.ApplicationModel.Core.dll', 'windows.applicationmodel.datatransfer.dll', 'Windows.ApplicationModel.dll', 'Windows.ApplicationModel.LockScreen.dll', 'Windows.ApplicationModel.Store.dll', 'Windows.ApplicationModel.Store.Preview.DOSettings.dll', 'Windows.ApplicationModel.Store.TestingFramework.dll', 'Windows.ApplicationModel.Wallet.dll', 'Windows.CloudStore.dll', 'Windows.CloudStore.Schema.DesktopShell.dll', 'Windows.CloudStore.Schema.Shell.dll', 'Windows.Cortana.Desktop.dll', 'Windows.Cortana.OneCore.dll', 'Windows.Cortana.ProxyStub.dll', 'Windows.Data.Activities.dll', 'Windows.Data.Pdf.dll', 'Windows.Devices.AllJoyn.dll', 'Windows.Devices.Background.dll', 'Windows.Devices.Background.ps.dll', 'Windows.Devices.Bluetooth.dll', 'Windows.Devices.Custom.dll', 'Windows.Devices.Custom.ps.dll', 'Windows.Devices.Enumeration.dll', 'Windows.Devices.Haptics.dll', 'Windows.Devices.HumanInterfaceDevice.dll', 'Windows.Devices.Lights.dll', 'Windows.Devices.LowLevel.dll', 'Windows.Devices.Midi.dll', 'Windows.Devices.Perception.dll', 'Windows.Devices.Picker.dll', 'Windows.Devices.PointOfService.dll', 'Windows.Devices.Portable.dll', 'Windows.Devices.Printers.dll', 'Windows.Devices.Printers.Extensions.dll', 'Windows.Devices.Radios.dll', 'Windows.Devices.Scanners.dll', 'Windows.Devices.Sensors.dll', 'Windows.Devices.SerialCommunication.dll', 'Windows.Devices.SmartCards.dll', 'Windows.Devices.SmartCards.Phone.dll', 'Windows.Devices.Usb.dll', 'Windows.Devices.WiFi.dll', 'Windows.Devices.WiFiDirect.dll', 'Windows.Energy.dll', 'Windows.FileExplorer.Common.dll', 'Windows.Gaming.Input.dll', 'Windows.Gaming.Preview.dll', 'Windows.Gaming.UI.GameBar.dll', 'Windows.Gaming.XboxLive.Storage.dll', 'Windows.Globalization.dll', 'Windows.Globalization.Fontgroups.dll', 'Windows.Globalization.PhoneNumberFormatting.dll', 'Windows.Graphics.Display.BrightnessOverride.dll', 'Windows.Graphics.Display.DisplayEnhancementOverride.dll', 'Windows.Graphics.dll', 'Windows.Graphics.Printing.3D.dll', 'Windows.Graphics.Printing.dll', 'Windows.Graphics.Printing.Workflow.dll', 'Windows.Graphics.Printing.Workflow.Native.dll', 'Windows.Help.Runtime.dll', 'windows.immersiveshell.serviceprovider.dll', 'Windows.Internal.AdaptiveCards.XamlCardRenderer.dll', 'Windows.Internal.Bluetooth.dll', 'Windows.Internal.CapturePicker.Desktop.dll', 'Windows.Internal.CapturePicker.dll', 'Windows.Internal.Devices.Sensors.dll', 'Windows.Internal.Feedback.Analog.dll', 'Windows.Internal.Feedback.Analog.ProxyStub.dll', 'Windows.Internal.Graphics.Display.DisplayColorManagement.dll', 'Windows.Internal.Graphics.Display.DisplayEnhancementManagement.dll', 'Windows.Internal.Management.dll', 'Windows.Internal.Management.SecureAssessment.dll', 'Windows.Internal.PlatformExtension.DevicePickerExperience.dll', 'Windows.Internal.PlatformExtension.MiracastBannerExperience.dll', 'Windows.Internal.PredictionUnit.dll', 'Windows.Internal.Security.Attestation.DeviceAttestation.dll', 'Windows.Internal.SecurityMitigationsBroker.dll', 'Windows.Internal.Shell.Broker.dll', 'windows.internal.shellcommon.AccountsControlExperience.dll', 'windows.internal.shellcommon.AppResolverModal.dll', 'Windows.Internal.ShellCommon.Broker.dll', 'windows.internal.shellcommon.FilePickerExperienceMEM.dll', 'Windows.Internal.ShellCommon.PrintExperience.dll', 'windows.internal.shellcommon.shareexperience.dll', 'windows.internal.shellcommon.ShellPosition.dll', 'windows.internal.shellcommon.TokenBrokerModal.dll', 'Windows.Internal.Signals.dll', 'Windows.Internal.System.UserProfile.dll', 'Windows.Internal.Taskbar.dll', 'Windows.Internal.UI.BioEnrollment.ProxyStub.dll', 'Windows.Internal.UI.Logon.ProxyStub.dll', 'Windows.Internal.UI.Shell.WindowTabManager.dll', 'Windows.Management.EnrollmentStatusTracking.ConfigProvider.dll', 'Windows.Management.InprocObjects.dll', 'Windows.Management.Provisioning.ProxyStub.dll', 'Windows.Management.SecureAssessment.CfgProvider.dll', 'Windows.Management.SecureAssessment.Diagnostics.dll', 'Windows.Management.Service.dll', 'Windows.Management.Workplace.dll', 'Windows.Management.Workplace.WorkplaceSettings.dll', 'Windows.Media.Audio.dll', 'Windows.Media.BackgroundMediaPlayback.dll', 'Windows.Media.BackgroundPlayback.exe', 'Windows.Media.Devices.dll', 'Windows.Media.dll', 'Windows.Media.Editing.dll', 'Windows.Media.FaceAnalysis.dll', 'Windows.Media.Import.dll', 'Windows.Media.MediaControl.dll', 'Windows.Media.MixedRealityCapture.dll', 'Windows.Media.Ocr.dll', 'Windows.Media.Playback.BackgroundMediaPlayer.dll', 'Windows.Media.Playback.MediaPlayer.dll', 'Windows.Media.Playback.ProxyStub.dll', 'Windows.Media.Protection.PlayReady.dll', 'Windows.Media.Renewal.dll', 'Windows.Media.Speech.dll', 'Windows.Media.Speech.UXRes.dll', 'Windows.Media.Streaming.dll', 'Windows.Media.Streaming.ps.dll', 'Windows.Mirage.dll', 'Windows.Mirage.Internal.Capture.Pipeline.ProxyStub.dll', 'Windows.Mirage.Internal.dll', 'Windows.Networking.BackgroundTransfer.BackgroundManagerPolicy.dll', 'Windows.Networking.BackgroundTransfer.ContentPrefetchTask.dll', 'Windows.Networking.BackgroundTransfer.dll', 'Windows.Networking.Connectivity.dll', 'Windows.Networking.dll', 'Windows.Networking.HostName.dll', 'Windows.Networking.NetworkOperators.ESim.dll', 'Windows.Networking.NetworkOperators.HotspotAuthentication.dll', 'Windows.Networking.Proximity.dll', 'Windows.Networking.ServiceDiscovery.Dnssd.dll', 'Windows.Networking.Sockets.PushEnabledApplication.dll', 'Windows.Networking.UX.EapRequestHandler.dll', 'Windows.Networking.Vpn.dll', 'Windows.Networking.XboxLive.ProxyStub.dll', 'Windows.Payments.dll', 'Windows.Perception.Stub.dll', 'Windows.Security.Authentication.Identity.Provider.dll', 'Windows.Security.Authentication.OnlineId.dll', 'Windows.Security.Authentication.Web.Core.dll', 'Windows.Security.Credentials.UI.CredentialPicker.dll', 'Windows.Security.Credentials.UI.UserConsentVerifier.dll', 'Windows.Security.Integrity.dll', 'Windows.Services.TargetedContent.dll', 'Windows.SharedPC.AccountManager.dll', 'Windows.SharedPC.CredentialProvider.dll', 'Windows.Shell.BlueLightReduction.dll', 'Windows.Shell.ServiceHostBuilder.dll', 'Windows.Shell.StartLayoutPopulationEvents.dll', 'Windows.StateRepository.dll', 'Windows.StateRepositoryBroker.dll', 'Windows.StateRepositoryClient.dll', 'Windows.StateRepositoryCore.dll', 'Windows.StateRepositoryPS.dll', 'Windows.StateRepositoryUpgrade.dll', 'Windows.Storage.ApplicationData.dll', 'Windows.Storage.Compression.dll', 'windows.storage.dll', 'Windows.Storage.OneCore.dll', 'Windows.Storage.Search.dll', 'Windows.System.Diagnostics.dll', 'Windows.System.Diagnostics.Telemetry.PlatformTelemetryClient.dll', 'Windows.System.Diagnostics.TraceReporting.PlatformDiagnosticActions.dll', 'Windows.System.Launcher.dll', 'Windows.System.Profile.HardwareId.dll', 'Windows.System.Profile.PlatformDiagnosticsAndUsageDataSettings.dll', 'Windows.System.Profile.RetailInfo.dll', 'Windows.System.Profile.SystemId.dll', 'Windows.System.Profile.SystemManufacturers.dll', 'Windows.System.RemoteDesktop.dll', 'Windows.System.SystemManagement.dll', 'Windows.System.UserDeviceAssociation.dll', 'Windows.System.UserProfile.DiagnosticsSettings.dll', 'Windows.UI.Accessibility.dll', 'Windows.UI.AppDefaults.dll', 'Windows.UI.BioFeedback.dll', 'Windows.UI.BlockedShutdown.dll', 'Windows.UI.Core.TextInput.dll', 'Windows.UI.Cred.dll', 'Windows.UI.CredDialogController.dll', 'Windows.UI.dll', 'Windows.UI.FileExplorer.dll', 'Windows.UI.Immersive.dll', 'Windows.UI.Input.Inking.Analysis.dll', 'Windows.UI.Input.Inking.dll', 'Windows.UI.Internal.Input.ExpressiveInput.dll', 'Windows.UI.Internal.Input.ExpressiveInput.Resource.dll', 'Windows.UI.Logon.dll', 'Windows.UI.NetworkUXController.dll', 'Windows.UI.PicturePassword.dll', 'Windows.UI.Search.dll', 'Windows.UI.Shell.dll', 'Windows.UI.Shell.Internal.AdaptiveCards.dll', 'Windows.UI.Storage.dll', 'Windows.UI.Xaml.Controls.dll', 'Windows.UI.Xaml.dll', 'Windows.UI.Xaml.InkControls.dll', 'Windows.UI.Xaml.Maps.dll', 'Windows.UI.Xaml.Phone.dll', 'Windows.UI.Xaml.Resources.19h1.dll', 'Windows.UI.Xaml.Resources.Common.dll', 'Windows.UI.Xaml.Resources.rs1.dll', 'Windows.UI.Xaml.Resources.rs2.dll', 'Windows.UI.Xaml.Resources.rs3.dll', 'Windows.UI.Xaml.Resources.rs4.dll', 'Windows.UI.Xaml.Resources.rs5.dll', 'Windows.UI.Xaml.Resources.th.dll', 'Windows.UI.Xaml.Resources.win81.dll', 'Windows.UI.Xaml.Resources.win8rtm.dll', 'Windows.UI.XamlHost.dll', 'Windows.WARP.JITService.dll', 'Windows.WARP.JITService.exe', 'Windows.Web.Diagnostics.dll', 'Windows.Web.dll', 'Windows.Web.Http.dll', 'WindowsActionDialog.exe', 'WindowsCodecs.dll', 'WindowsCodecsExt.dll', 'WindowsCodecsRaw.dll', 'WindowsCodecsRaw.txt', 'WindowsDefaultHeatProcessor.dll', 'windowsdefenderapplicationguardcsp.dll', 'WindowsInternal.ComposableShell.ComposerFramework.dll', 'WindowsInternal.ComposableShell.DesktopHosting.dll', 'WindowsInternal.Shell.CompUiActivation.dll', 'WindowsIoTCsp.dll', 'windowslivelogin.dll', 'WindowsManagementServiceWinRt.ProxyStub.dll', 'windowsperformancerecordercontrol.dll', 'WindowsPowerShell', 'WindowsSecurityIcon.png', 'windowsudk.shellcommon.dll', 'WindowsUpdateElevatedInstaller.exe', 'winethc.dll', 'winevt', 'WinFax.dll', 'winhttp.dll', 'winhttpcom.dll', 'WinHvEmulation.dll', 'WinHvPlatform.dll', 'wininet.dll', 'wininetlui.dll', 'wininit.exe', 'wininitext.dll', 'winipcfile.dll', 'winipcsecproc.dll', 'winipsec.dll', 'winjson.dll', 'Winlangdb.dll', 'winload.efi', 'winload.exe', 'winlogon.exe', 'winlogonext.dll', 'winmde.dll', 'WinMetadata', 'winml.dll', 'winmm.dll', 'winmmbase.dll', 'winmsipc.dll', 'WinMsoIrmProtector.dll', 'winnlsres.dll', 'winnsi.dll', 'WinOpcIrmProtector.dll', 'winquic.dll', 'WinREAgent.dll', 'winresume.efi', 'winresume.exe', 'winrm', 'winrm.cmd', 'winrm.vbs', 'winrnr.dll', 'winrs.exe', 'winrscmd.dll', 'winrshost.exe', 'winrsmgr.dll', 'winrssrv.dll', 'WinRTNetMUAHostServer.exe', 'WinRtTracing.dll', 'WinSAT.exe', 'WinSATAPI.dll', 'WinSCard.dll', 'WinSetupUI.dll', 'winshfhc.dll', 'winsku.dll', 'winsockhc.dll', 'winspool.drv', 'winsqlite3.dll', 'WINSRPC.DLL', 'winsrv.dll', 'winsrvext.dll', 'winsta.dll', 'WinSync.dll', 'WinSyncMetastore.dll', 'WinSyncProviders.dll', 'wintrust.dll', 'WinTypes.dll', 'winusb.dll', 'winver.exe', 'WiredNetworkCSP.dll', 'wisp.dll', 'witnesswmiv2provider.dll', 'wkscli.dll', 'wkspbroker.exe', 'wkspbrokerAx.dll', 'wksprt.exe', 'wksprtPS.dll', 'wkssvc.dll', 'wlanapi.dll', 'wlancfg.dll', 'WLanConn.dll', 'wlandlg.dll', 'wlanext.exe', 'wlangpui.dll', 'WLanHC.dll', 'wlanhlp.dll', 'WlanMediaManager.dll', 'WlanMM.dll', 'wlanmsm.dll', 'wlanpref.dll', 'WlanRadioManager.dll', 'wlansec.dll', 'wlansvc.dll', 'wlansvcpal.dll', 'wlanui.dll', 'wlanutil.dll', 'Wldap32.dll', 'wldp.dll', 'wlgpclnt.dll', 'wlidcli.dll', 'wlidcredprov.dll', 'wlidfdp.dll', 'wlidnsp.dll', 'wlidprov.dll', 'wlidres.dll', 'wlidsvc.dll', 'wlrmdr.exe', 'WMADMOD.DLL', 'WMADMOE.DLL', 'WMALFXGFXDSP.dll', 'WMASF.DLL', 'wmcodecdspps.dll', 'wmdmlog.dll', 'wmdmps.dll', 'wmdrmsdk.dll', 'wmerror.dll', 'wmi.dll', 'wmiclnt.dll', 'wmicmiplugin.dll', 'wmidcom.dll', 'wmidx.dll', 'WmiMgmt.msc', 'wmiprop.dll', 'wmitomi.dll', 'WMNetMgr.dll', 'wmp.dll', 'WMPDMC.exe', 'WmpDui.dll', 'wmpdxm.dll', 'wmpeffects.dll', 'WMPhoto.dll', 'wmploc.DLL', 'wmpps.dll', 'wmpshell.dll', 'wmsgapi.dll', 'WMSPDMOD.DLL', 'WMSPDMOE.DLL', 'WMVCORE.DLL', 'WMVDECOD.DLL', 'wmvdspa.dll', 'WMVENCOD.DLL', 'WMVSDECD.DLL', 'WMVSENCD.DLL', 'WMVXENCD.DLL', 'WofTasks.dll', 'WofUtil.dll', 'WordBreakers.dll', 'WorkFolders.exe', 'WorkfoldersControl.dll', 'WorkFoldersGPExt.dll', 'WorkFoldersRes.dll', 'WorkFoldersShell.dll', 'workfolderssvc.dll', 'wosc.dll', 'wow64.dll', 'wow64cpu.dll', 'wow64win.dll', 'wowreg32.exe', 'WpAXHolder.dll', 'wpbcreds.dll', 'Wpc.dll', 'WpcApi.dll', 'wpcatltoast.png', 'WpcDesktopMonSvc.dll', 'WpcMon.exe', 'wpcmon.png', 'WpcProxyStubs.dll', 'WpcRefreshTask.dll', 'WpcTok.exe', 'WpcWebFilter.dll', 'wpdbusenum.dll', 'wpdshext.dll', 'WPDShextAutoplay.exe', 'WPDShServiceObj.dll', 'WPDSp.dll', 'wpd_ci.dll', 'wpnapps.dll', 'wpnclient.dll', 'wpncore.dll', 'wpninprc.dll', 'wpnpinst.exe', 'wpnprv.dll', 'wpnservice.dll', 'wpnsruprov.dll', 'WpnUserService.dll', 'WpPortingLibrary.dll', 'WppRecorderUM.dll', 'wpr.config.xml', 'wpr.exe', 'WPTaskScheduler.dll', 'wpx.dll', 'write.exe', 'ws2help.dll', 'ws2_32.dll', 'wscadminui.exe', 'wscapi.dll', 'wscinterop.dll', 'wscisvif.dll', 'WSClient.dll', 'WSCollect.exe', 'wscproxystub.dll', 'wscript.exe', 'wscsvc.dll', 'wscui.cpl', 'WSDApi.dll', 'wsdchngr.dll', 'WSDPrintProxy.DLL', 'WSDScanProxy.dll', 'wsecedit.dll', 'wsepno.dll', 'wshbth.dll', 'wshcon.dll', 'wshelper.dll', 'wshext.dll', 'wshhyperv.dll', 'wship6.dll', 'wshom.ocx', 'wshqos.dll', 'wshrm.dll', 'WSHTCPIP.DLL', 'wshunix.dll', 'wsl.exe', 'wslapi.dll', 'WsmAgent.dll', 'wsmanconfig_schema.xml', 'WSManHTTPConfig.exe', 'WSManMigrationPlugin.dll', 'WsmAuto.dll', 'wsmplpxy.dll', 'wsmprovhost.exe', 'WsmPty.xsl', 'WsmRes.dll', 'WsmSvc.dll', 'WsmTxt.xsl', 'WsmWmiPl.dll', 'wsnmp32.dll', 'wsock32.dll', 'wsplib.dll', 'wsp_fs.dll', 'wsp_health.dll', 'wsp_sr.dll', 'wsqmcons.exe', 'WSReset.exe', 'WSTPager.ax', 'wtsapi32.dll', 'wuapi.dll', 'wuapihost.exe', 'wuauclt.exe', 'wuaueng.dll', 'wuceffects.dll', 'WUDFCoinstaller.dll', 'WUDFCompanionHost.exe', 'WUDFHost.exe', 'WUDFPlatform.dll', 'WudfSMCClassExt.dll', 'WUDFx.dll', 'WUDFx02000.dll', 'wudriver.dll', 'wups.dll', 'wups2.dll', 'wusa.exe', 'wuuhext.dll', 'wuuhosdeployment.dll', 'wvc.dll', 'WwaApi.dll', 'WwaExt.dll', 'WWAHost.exe', 'WWanAPI.dll', 'wwancfg.dll', 'wwanconn.dll', 'WWanHC.dll', 'wwanmm.dll', 'Wwanpref.dll', 'wwanprotdim.dll', 'WwanRadioManager.dll', 'wwansvc.dll', 'wwapi.dll', 'x3daudio1_0.dll', 'x3daudio1_1.dll', 'X3DAudio1_2.dll', 'X3DAudio1_3.dll', 'X3DAudio1_4.dll', 'X3DAudio1_5.dll', 'X3DAudio1_6.dll', 'X3DAudio1_7.dll', 'xactengine2_0.dll', 'xactengine2_1.dll', 'xactengine2_10.dll', 'xactengine2_2.dll', 'xactengine2_3.dll', 'xactengine2_4.dll', 'xactengine2_5.dll', 'xactengine2_6.dll', 'xactengine2_7.dll', 'xactengine2_8.dll', 'xactengine2_9.dll', 'xactengine3_0.dll', 'xactengine3_1.dll', 'xactengine3_2.dll', 'xactengine3_3.dll', 'xactengine3_4.dll', 'xactengine3_5.dll', 'xactengine3_6.dll', 'xactengine3_7.dll', 'XamlTileRender.dll', 'XAPOFX1_0.dll', 'XAPOFX1_1.dll', 'XAPOFX1_2.dll', 'XAPOFX1_3.dll', 'XAPOFX1_4.dll', 'XAPOFX1_5.dll', 'XAudio2_0.dll', 'XAudio2_1.dll', 'XAudio2_2.dll', 'XAudio2_3.dll', 'XAudio2_4.dll', 'XAudio2_5.dll', 'XAudio2_6.dll', 'XAudio2_7.dll', 'XAudio2_8.dll', 'XAudio2_9.dll', 'XblAuthManager.dll', 'XblAuthManagerProxy.dll', 'XblAuthTokenBrokerExt.dll', 'XblGameSave.dll', 'XblGameSaveExt.dll', 'XblGameSaveProxy.dll', 'XblGameSaveTask.exe', 'XboxGipRadioManager.dll', 'xboxgipsvc.dll', 'xboxgipsynthetic.dll', 'XboxNetApiSvc.dll', 'xcopy.exe', 'xinput1_1.dll', 'xinput1_2.dll', 'xinput1_3.dll', 'XInput1_4.dll', 'XInput9_1_0.dll', 'XInputUap.dll', 'xmlfilter.dll', 'xmllite.dll', 'xmlprovi.dll', 'xolehlp.dll', 'XpsDocumentTargetPrint.dll', 'XpsGdiConverter.dll', 'XpsPrint.dll', 'XpsRasterService.dll', 'xpsservices.dll', 'xwizard.dtd', 'xwizard.exe', 'xwizards.dll', 'xwreg.dll', 'xwtpdui.dll', 'xwtpw32.dll', 'X_80.contrast-black.png', 'X_80.contrast-white.png', 'X_80.png', 'zh-CN', 'zh-TW', 'zipcontainer.dll', 'zipfldr.dll', 'ztrace_maps.dll']
>>> totalSize = 0
>>> for filename in os.listdir("C:\\Windows\\System32"):
...     totalSize += os.path.getsize(os.path.join("C:\\Windows\\System32", filename))
...
>>> print(totalSize)
2254551416
>>> p = Path("C:/Users/RC Pery/Desktop")
>>> p.glob("*")
<generator object Path.glob at 0x0000020523EEB430>
>>> list(p.glob("*"))
[WindowsPath('C:/Users/RC Pery/Desktop/desktop.ini'), WindowsPath('C:/Users/RC Pery/Desktop/DroidCamApp.lnk'), WindowsPath('C:/Users/RC Pery/Desktop/Old Firefox Data'), WindowsPath('C:/Users/RC Pery/Desktop/Spotify.lnk')]
>>> list(p.glob("*.txt"))
[]
>>> list(p.glob("*.lnk"))
[WindowsPath('C:/Users/RC Pery/Desktop/DroidCamApp.lnk'), WindowsPath('C:/Users/RC Pery/Desktop/Spotify.lnk')]
>>> p = Path("C:/Users/RC Pery/Documents")
>>> list(p.glob("*"))
[WindowsPath('C:/Users/RC Pery/Documents/bookmark.txt'), WindowsPath('C:/Users/RC Pery/Documents/Custom Office Templates'), WindowsPath('C:/Users/RC Pery/Documents/desktop.ini'), WindowsPath('C:/Users/RC Pery/Documents/Downloads'), WindowsPath('C:/Users/RC Pery/Documents/fr.txt'), WindowsPath('C:/Users/RC Pery/Documents/LOI_01172020.docx'), WindowsPath('C:/Users/RC Pery/Documents/LOI_01202020.docx'), WindowsPath('C:/Users/RC Pery/Documents/LOI_01202020.pdf'), WindowsPath('C:/Users/RC Pery/Documents/My Music'), WindowsPath('C:/Users/RC Pery/Documents/My Pictures'), WindowsPath('C:/Users/RC Pery/Documents/My Videos'), WindowsPath('C:/Users/RC Pery/Documents/Pery_RoyChristian_M_CV_3.docx'), WindowsPath('C:/Users/RC Pery/Documents/Pery_RoyChristian_M_CV_3.pdf'), WindowsPath('C:/Users/RC Pery/Documents/Pery_RoyChristian_M_CV_4.docx'), WindowsPath('C:/Users/RC Pery/Documents/Pery_RoyChristian_M_CV_4.pdf'), WindowsPath('C:/Users/RC Pery/Documents/resignation_letter.docx'), WindowsPath('C:/Users/RC Pery/Documents/resignation_letter.pdf'), WindowsPath('C:/Users/RC Pery/Documents/script.txt'), WindowsPath('C:/Users/RC Pery/Documents/shrug.png'), WindowsPath('C:/Users/RC Pery/Documents/song of myself.txt'), WindowsPath('C:/Users/RC Pery/Documents/spam'), WindowsPath('C:/Users/RC Pery/Documents/Visual Studio 2019'), WindowsPath('C:/Users/RC Pery/Documents/WIFI.txt'), WindowsPath('C:/Users/RC Pery/Documents/WindowsPowerShell'), WindowsPath('C:/Users/RC Pery/Documents/Zoom')]
>>> list(p.glob(".txt"))
[]
>>> list(p.glob("*.txt"))
[WindowsPath('C:/Users/RC Pery/Documents/bookmark.txt'), WindowsPath('C:/Users/RC Pery/Documents/fr.txt'), WindowsPath('C:/Users/RC Pery/Documents/script.txt'), WindowsPath('C:/Users/RC Pery/Documents/song of myself.txt'), WindowsPath('C:/Users/RC Pery/Documents/WIFI.txt')]
>>> list(p.glob("project?.docx"))
[]
>>> list(p.glob("r?.docx"))
[]
>>> list(p.glob("resign?"))
[]
>>> list(p.glob("resignation_letter?"))
[]
>>> list(p.glob("resignation_letter?.docx"))
[]
>>> list(p.glob("resignation_letter.docx"))
[WindowsPath('C:/Users/RC Pery/Documents/resignation_letter.docx')]
>>> list(p.glob("*?x?"))
[WindowsPath('C:/Users/RC Pery/Documents/bookmark.txt'), WindowsPath('C:/Users/RC Pery/Documents/fr.txt'), WindowsPath('C:/Users/RC Pery/Documents/script.txt'), WindowsPath('C:/Users/RC Pery/Documents/song of myself.txt'), WindowsPath('C:/Users/RC Pery/Documents/WIFI.txt')]
>>> for textFilePathObj in p.glob("*.txt"):
...     print(textFilePathObj)
...
C:\Users\RC Pery\Documents\bookmark.txt
C:\Users\RC Pery\Documents\fr.txt
C:\Users\RC Pery\Documents\script.txt
C:\Users\RC Pery\Documents\song of myself.txt
C:\Users\RC Pery\Documents\WIFI.txt
>>> winDir = Path("C:/Windows")
>>> notExistsDir = Path("C:/This/Folder/Does/Not/Exists")
>>> calcFile = Path("C:/Windows)
  File "<stdin>", line 1
    calcFile = Path("C:/Windows)
                                ^
SyntaxError: EOL while scanning string literal
>>> calcFile = Path("C:/Windows
  File "<stdin>", line 1
    calcFile = Path("C:/Windows
                               ^
SyntaxError: EOL while scanning string literal
>>> calcFile = Path("C:/Windows/System32/calc.exe")
>>> winDir.exists()
True
>>> winDir.is_dir()
True
>>> notExistsDir.exists()
False
>>> calcFile.exists()
True
>>> calcFile.is_file()
True
>>> calcFile.is_dir()
False
>>> dDrive = Path("D:/")
>>> dDrive.exists()
False
>>> Path.cwd()
WindowsPath('E:/Tutorials/automate')
>>> from pathlib import Path\
...
>>> from pathlib import Path
>>> p = Path("spam.txt")
>>> p.write_text("Hello, world!")
13
>>> p.read_text()
'Hello, world!'
>>> Path.home()
WindowsPath('C:/Users/RC Pery')
>>> helloFile = open(Path.home() / "Documents" / "hello.txt")
>>> helloContent = helloFile.read()
>>> Path.home()
WindowsPath('C:/Users/RC Pery')
>>> Path.home() / "Documents"
WindowsPath('C:/Users/RC Pery/Documents')
>>> Path.home() / "Documents" / "hello.txt"
WindowsPath('C:/Users/RC Pery/Documents/hello.txt')
>>> helloDir = Path.home() / "Documents" / "hello.txt"
>>> helloDir.exists()
True
>>> helloDir.is_File()
Traceback (most recent call last):
  File "<stdin>", line 1, in <module>
AttributeError: 'WindowsPath' object has no attribute 'is_File'
>>> helloDir.is_file()
True
>>> helloDir.read()
Traceback (most recent call last):
  File "<stdin>", line 1, in <module>
AttributeError: 'WindowsPath' object has no attribute 'read'
>>> helloFile = open(helloDir)
>>> helloContent = helloFile.read()
>>> helloContent
'Hello world!'
>>> sonnetFile = open(Path.home() / "Documents" / "sonnet.txt")
>>> sonnetFile.read()
"When, in disgrace with fortune and men's eyes,\nI all alone beweep my outcast state,\nAnd trouble deaf heaven with my bootless cries,\nAnd look upon myself and curse my fate,\n"
>>> sonnetFile.readlines()
[]
>>> sonnetFile.readlines()
[]
>>> sonnetFile.readlines()
[]
>>> sonnetFile.read()
''
>>> sonnetFile = open(Path.home() / "Documents" / "sonnet.txt")
>>> sonnetFile.readlines()
["When, in disgrace with fortune and men's eyes,\n", 'I all alone beweep my outcast state,\n', 'And trouble deaf heaven with my bootless cries,\n', 'And look upon myself and curse my fate,\n']
>>> Path.cwd()
WindowsPath('E:/Tutorials/automate')
>>> baconFile = open("bacon.txt", "w")
>>> baconFile.write("Hello, world!\n")
14
>>> baconFile.close()
>>> baconFile = open("bacon.txt", "a")
>>> baconFile.write("Bacon is not a vegetable.\")
  File "<stdin>", line 1
    baconFile.write("Bacon is not a vegetable.\")
                                                 ^
SyntaxError: EOL while scanning string literal
>>> baconFile.write("Bacon is not a vegetable.")
25
>>> baconFile.close()
>>> baconFile = open("bacon.txt")
>>> content = baconFile.read()
>>> baconFile.close()
>>> print(content)
Hello, world!
Bacon is not a vegetable.
>>> import shelve
>>> shelfFile = shelve.open("mydata")
>>> cats = ["Zophie", "Pooka", "Simon"]
>>> shelfFile["cats"] = cats
>>> shelfFile.close()
>>> shelfFile = shelve.open("mydata")
>>> type(shelfFile)
<class 'shelve.DbfilenameShelf'>
>>> shelfFile["cats"]
['Zophie', 'Pooka', 'Simon']
>>> shelfFile.close()
>>> import pprint
>>> cats = [{"name": "Zophie", "desc": "chubby"}, {"name": "Pooka", "desc": "fluffy"}]
>>> pprint.pformat(cats)
"[{'desc': 'chubby', 'name': 'Zophie'}, {'desc': 'fluffy', 'name': 'Pooka'}]"
>>> fileObj = open("myCats.py", "w")
>>> fileObj.write("cats = " + pprint.pformat(cats) + "\n")
83
>>> fileObj.close()
>>> import myCats
>>> myCats.cats
[{'desc': 'chubby', 'name': 'Zophie'}, {'desc': 'fluffy', 'name': 'Pooka'}]
>>> myCats.cats[0]
{'desc': 'chubby', 'name': 'Zophie'}
>>> myCats.cats[0]["name"]
'Zophie'